Component: Arm Compiler for Embedded 6.23 Tool: armlink [5f102400]

==============================================================================

Section Cross References

    startup_stm32g431xx.o(STACK) refers (Special) to heapauxi.o(.text) for __use_two_region_memory
    startup_stm32g431xx.o(HEAP) refers (Special) to heapauxi.o(.text) for __use_two_region_memory
    startup_stm32g431xx.o(RESET) refers (Special) to heapauxi.o(.text) for __use_two_region_memory
    startup_stm32g431xx.o(RESET) refers to startup_stm32g431xx.o(STACK) for __initial_sp
    startup_stm32g431xx.o(RESET) refers to startup_stm32g431xx.o(.text) for Reset_Handler
    startup_stm32g431xx.o(RESET) refers to stm32g4xx_it.o(.text.NMI_Handler) for NMI_Handler
    startup_stm32g431xx.o(RESET) refers to stm32g4xx_it.o(.text.HardFault_Handler) for HardFault_Handler
    startup_stm32g431xx.o(RESET) refers to stm32g4xx_it.o(.text.MemManage_Handler) for MemManage_Handler
    startup_stm32g431xx.o(RESET) refers to stm32g4xx_it.o(.text.BusFault_Handler) for BusFault_Handler
    startup_stm32g431xx.o(RESET) refers to stm32g4xx_it.o(.text.UsageFault_Handler) for UsageFault_Handler
    startup_stm32g431xx.o(RESET) refers to stm32g4xx_it.o(.text.SVC_Handler) for SVC_Handler
    startup_stm32g431xx.o(RESET) refers to stm32g4xx_it.o(.text.DebugMon_Handler) for DebugMon_Handler
    startup_stm32g431xx.o(RESET) refers to stm32g4xx_it.o(.text.PendSV_Handler) for PendSV_Handler
    startup_stm32g431xx.o(RESET) refers to stm32g4xx_it.o(.text.SysTick_Handler) for SysTick_Handler
    startup_stm32g431xx.o(RESET) refers to stm32g4xx_it.o(.text.DMA1_Channel1_IRQHandler) for DMA1_Channel1_IRQHandler
    startup_stm32g431xx.o(RESET) refers to stm32g4xx_it.o(.text.DMA1_Channel2_IRQHandler) for DMA1_Channel2_IRQHandler
    startup_stm32g431xx.o(RESET) refers to stm32g4xx_it.o(.text.DMA1_Channel3_IRQHandler) for DMA1_Channel3_IRQHandler
    startup_stm32g431xx.o(RESET) refers to stm32g4xx_it.o(.text.DMA1_Channel4_IRQHandler) for DMA1_Channel4_IRQHandler
    startup_stm32g431xx.o(RESET) refers to stm32g4xx_it.o(.text.USART3_IRQHandler) for USART3_IRQHandler
    startup_stm32g431xx.o(RESET) refers to stm32g4xx_it.o(.text.UART4_IRQHandler) for UART4_IRQHandler
    startup_stm32g431xx.o(RESET) refers to stm32g4xx_it.o(.text.TIM6_DAC_IRQHandler) for TIM6_DAC_IRQHandler
    startup_stm32g431xx.o(RESET) refers to stm32g4xx_it.o(.text.TIM7_IRQHandler) for TIM7_IRQHandler
    startup_stm32g431xx.o(.text) refers (Special) to heapauxi.o(.text) for __use_two_region_memory
    startup_stm32g431xx.o(.text) refers to system_stm32g4xx.o(.text.SystemInit) for SystemInit
    startup_stm32g431xx.o(.text) refers to __main.o(!!!main) for __main
    startup_stm32g431xx.o(.text) refers to startup_stm32g431xx.o(HEAP) for Heap_Mem
    startup_stm32g431xx.o(.text) refers to startup_stm32g431xx.o(STACK) for Stack_Mem
    main.o(.text) refers (Special) to _printf_percent.o(.ARM.Collect$$_printf_percent$$00000000) for _printf_percent
    main.o(.text) refers (Special) to _printf_f.o(.ARM.Collect$$_printf_percent$$00000003) for _printf_f
    main.o(.text) refers (Special) to printf1.o(x$fpl$printf1) for _printf_fp_dec
    main.o(.text.HAL_UART_RxCpltCallback) refers (Special) to _printf_percent.o(.ARM.Collect$$_printf_percent$$00000000) for _printf_percent
    main.o(.text.HAL_UART_RxCpltCallback) refers (Special) to _printf_f.o(.ARM.Collect$$_printf_percent$$00000003) for _printf_f
    main.o(.text.HAL_UART_RxCpltCallback) refers (Special) to printf1.o(x$fpl$printf1) for _printf_fp_dec
    main.o(.text.HAL_UART_RxCpltCallback) refers to usart.o(.bss.huart3) for huart3
    main.o(.text.HAL_UART_RxCpltCallback) refers to main.o(.bss..L_MergedGlobals) for .L_MergedGlobals
    main.o(.text.HAL_UART_RxCpltCallback) refers to bt_control.o(.text.BT_Read) for BT_Read
    main.o(.text.HAL_UART_RxCpltCallback) refers to mw_control.o(.text.MW_Control) for MW_Control
    main.o(.text.HAL_UART_RxCpltCallback) refers to stm32g4xx_hal_uart.o(.text.HAL_UART_Receive_DMA) for HAL_UART_Receive_DMA
    main.o(.ARM.exidx.text.HAL_UART_RxCpltCallback) refers (Special) to _printf_percent.o(.ARM.Collect$$_printf_percent$$00000000) for _printf_percent
    main.o(.ARM.exidx.text.HAL_UART_RxCpltCallback) refers (Special) to _printf_f.o(.ARM.Collect$$_printf_percent$$00000003) for _printf_f
    main.o(.ARM.exidx.text.HAL_UART_RxCpltCallback) refers (Special) to printf1.o(x$fpl$printf1) for _printf_fp_dec
    main.o(.ARM.exidx.text.HAL_UART_RxCpltCallback) refers to main.o(.text.HAL_UART_RxCpltCallback) for [Anonymous Symbol]
    main.o(.text.HAL_TIM_PeriodElapsedCallback) refers (Special) to _printf_percent.o(.ARM.Collect$$_printf_percent$$00000000) for _printf_percent
    main.o(.text.HAL_TIM_PeriodElapsedCallback) refers (Special) to _printf_f.o(.ARM.Collect$$_printf_percent$$00000003) for _printf_f
    main.o(.text.HAL_TIM_PeriodElapsedCallback) refers (Special) to printf1.o(x$fpl$printf1) for _printf_fp_dec
[...]
    [Anonymous Symbol]                       0x08002168   Section        0  stm32g4xx_hal_cortex.o(.text.HAL_SYSTICK_Config)
    [Anonymous Symbol]                       0x08002194   Section        0  stm32g4xx_hal_tim_ex.o(.text.HAL_TIMEx_Break2Callback)
    [Anonymous Symbol]                       0x08002198   Section        0  stm32g4xx_hal_tim_ex.o(.text.HAL_TIMEx_BreakCallback)
    [Anonymous Symbol]                       0x0800219c   Section        0  stm32g4xx_hal_tim_ex.o(.text.HAL_TIMEx_CommutCallback)
    [Anonymous Symbol]                       0x080021a0   Section        0  stm32g4xx_hal_tim_ex.o(.text.HAL_TIMEx_DirectionChangeCallback)
    [Anonymous Symbol]                       0x080021a4   Section        0  stm32g4xx_hal_tim_ex.o(.text.HAL_TIMEx_EncoderIndexCallback)
    [Anonymous Symbol]                       0x080021a8   Section        0  stm32g4xx_hal_tim_ex.o(.text.HAL_TIMEx_IndexErrorCallback)
    [Anonymous Symbol]                       0x080021ac   Section        0  stm32g4xx_hal_tim_ex.o(.text.HAL_TIMEx_MasterConfigSynchronization)
    [Anonymous Symbol]                       0x08002254   Section        0  stm32g4xx_hal_tim_ex.o(.text.HAL_TIMEx_TransitionErrorCallback)
    [Anonymous Symbol]                       0x08002258   Section        0  stm32g4xx_hal_tim.o(.text.HAL_TIM_Base_Init)
    [Anonymous Symbol]                       0x080022bc   Section        0  tim.o(.text.HAL_TIM_Base_MspInit)
    [Anonymous Symbol]                       0x08002398   Section        0  stm32g4xx_hal_tim.o(.text.HAL_TIM_Base_Start)
    [Anonymous Symbol]                       0x08002424   Section        0  stm32g4xx_hal_tim.o(.text.HAL_TIM_Base_Start_IT)
    [Anonymous Symbol]                       0x080024b8   Section        0  stm32g4xx_hal_tim.o(.text.HAL_TIM_ConfigClockSource)
    [Anonymous Symbol]                       0x080026bc   Section        0  stm32g4xx_hal_tim.o(.text.HAL_TIM_Encoder_Init)
    [Anonymous Symbol]                       0x08002774   Section        0  tim.o(.text.HAL_TIM_Encoder_MspInit)
    [Anonymous Symbol]                       0x080028a4   Section        0  stm32g4xx_hal_tim.o(.text.HAL_TIM_Encoder_Start)
    [Anonymous Symbol]                       0x08002960   Section        0  stm32g4xx_hal_tim.o(.text.HAL_TIM_IC_CaptureCallback)
    [Anonymous Symbol]                       0x08002964   Section        0  stm32g4xx_hal_tim.o(.text.HAL_TIM_IRQHandler)
    [Anonymous Symbol]                       0x08002b30   Section        0  stm32g4xx_hal_tim.o(.text.HAL_TIM_OC_DelayElapsedCallback)
    [Anonymous Symbol]                       0x08002b34   Section        0  stm32g4xx_hal_tim.o(.text.HAL_TIM_PWM_PulseFinishedCallback)
    [Anonymous Symbol]                       0x08002b38   Section        0  main.o(.text.HAL_TIM_PeriodElapsedCallback)
    [Anonymous Symbol]                       0x08002dc0   Section        0  stm32g4xx_hal_tim.o(.text.HAL_TIM_TriggerCallback)
    [Anonymous Symbol]                       0x08002dc4   Section        0  stm32g4xx_hal_uart_ex.o(.text.HAL_UARTEx_DisableFifoMode)
    [Anonymous Symbol]                       0x08002dfc   Section        0  stm32g4xx_hal_uart.o(.text.HAL_UARTEx_RxEventCallback)
    [Anonymous Symbol]                       0x08002e00   Section        0  stm32g4xx_hal_uart_ex.o(.text.HAL_UARTEx_RxFifoFullCallback)
    [Anonymous Symbol]                       0x08002e04   Section        0  stm32g4xx_hal_uart_ex.o(.text.HAL_UARTEx_SetRxFifoThreshold)
    [Anonymous Symbol]                       0x08002e90   Section        0  stm32g4xx_hal_uart_ex.o(.text.HAL_UARTEx_SetTxFifoThreshold)
    [Anonymous Symbol]                       0x08002f1c   Section        0  stm32g4xx_hal_uart_ex.o(.text.HAL_UARTEx_TxFifoEmptyCallback)
    [Anonymous Symbol]                       0x08002f20   Section        0  stm32g4xx_hal_uart_ex.o(.text.HAL_UARTEx_WakeupCallback)
    [Anonymous Symbol]                       0x08002f24   Section        0  stm32g4xx_hal_uart.o(.text.HAL_UART_ErrorCallback)
    [Anonymous Symbol]                       0x08002f28   Section        0  stm32g4xx_hal_uart.o(.text.HAL_UART_IRQHandler)
    [Anonymous Symbol]                       0x08003578   Section        0  stm32g4xx_hal_uart.o(.text.HAL_UART_Init)
    [Anonymous Symbol]                       0x080035dc   Section        0  usart.o(.text.HAL_UART_MspInit)
    [Anonymous Symbol]                       0x080037c4   Section        0  stm32g4xx_hal_uart.o(.text.HAL_UART_Receive_DMA)
    [Anonymous Symbol]                       0x080039b4   Section        0  main.o(.text.HAL_UART_RxCpltCallback)
    [Anonymous Symbol]                       0x08003a00   Section        0  stm32g4xx_hal_uart.o(.text.HAL_UART_RxHalfCpltCallback)
    [Anonymous Symbol]                       0x08003a04   Section        0  stm32g4xx_hal_uart.o(.text.HAL_UART_Transmit)
    [Anonymous Symbol]                       0x08003bb4   Section        0  stm32g4xx_hal_uart.o(.text.HAL_UART_Transmit_DMA)
    [Anonymous Symbol]                       0x08003c9c   Section        0  stm32g4xx_hal_uart.o(.text.HAL_UART_TxCpltCallback)
    [Anonymous Symbol]                       0x08003ca0   Section        0  stm32g4xx_hal_uart.o(.text.HAL_UART_TxHalfCpltCallback)
    [Anonymous Symbol]                       0x08003ca4   Section        0  stm32g4xx_it.o(.text.HardFault_Handler)
    [Anonymous Symbol]                       0x08003ca8   Section        0  mw_control.o(.text.MW_Control)
    [Anonymous Symbol]                       0x08003de0   Section        0  dma.o(.text.MX_DMA_Init)
    [Anonymous Symbol]                       0x08003e58   Section        0  gpio.o(.text.MX_GPIO_Init)
    [Anonymous Symbol]                       0x08003f0c   Section        0  tim.o(.text.MX_TIM15_Init)
    [Anonymous Symbol]                       0x08003f88   Section        0  tim.o(.text.MX_TIM17_Init)
    [Anonymous Symbol]                       0x08003fc0   Section        0  tim.o(.text.MX_TIM1_Init)
    [Anonymous Symbol]                       0x08004030   Section        0  tim.o(.text.MX_TIM2_Init)
    [Anonymous Symbol]                       0x08004094   Section        0  tim.o(.text.MX_TIM3_Init)
    [Anonymous Symbol]                       0x080040fc   Section        0  tim.o(.text.MX_TIM4_Init)
    [Anonymous Symbol]                       0x08004168   Section        0  tim.o(.text.MX_TIM6_Init)
    [Anonymous Symbol]                       0x080041b8   Section        0  tim.o(.text.MX_TIM7_Init)
    [Anonymous Symbol]                       0x08004208   Section        0  usart.o(.text.MX_UART4_Init)
    [Anonymous Symbol]                       0x0800428c   Section        0  usart.o(.text.MX_USART3_UART_Init)
    [Anonymous Symbol]                       0x08004310   Section        0  stm32g4xx_it.o(.text.MemManage_Handler)
    [Anonymous Symbol]                       0x08004314   Section        0  stm32g4xx_it.o(.text.NMI_Handler)
    [Anonymous Symbol]                       0x08004318   Section        0  pid.o(.text.PID_Compute)
    [Anonymous Symbol]                       0x080043d0   Section        0  pid.o(.text.PID_Init)
    [Anonymous Symbol]                       0x08004400   Section        0  pid.o(.text.PID_Setpoint)
    [Anonymous Symbol]                       0x08004408   Section        0  stm32g4xx_it.o(.text.PendSV_Handler)
    [Anonymous Symbol]                       0x0800440c   Section        0  simpwm.o(.text.SIMPWM_Init)
    [Anonymous Symbol]                       0x08004444   Section        0  simpwm.o(.text.SIMPWM_Run)
    [Anonymous Symbol]                       0x08004478   Section        0  simpwm.o(.text.SIMPWM_SET_CRR)
    [Anonymous Symbol]                       0x08004480   Section        0  stm32g4xx_it.o(.text.SVC_Handler)
    [Anonymous Symbol]                       0x08004484   Section        0  stm32g4xx_it.o(.text.SysTick_Handler)
    [Anonymous Symbol]                       0x08004488   Section        0  system_stm32g4xx.o(.text.SystemInit)
    [Anonymous Symbol]                       0x0800449c   Section        0  stm32g4xx_it.o(.text.TIM6_DAC_IRQHandler)
    [Anonymous Symbol]                       0x080044a8   Section        0  stm32g4xx_it.o(.text.TIM7_IRQHandler)
    [Anonymous Symbol]                       0x080044b4   Section        0  stm32g4xx_hal_tim.o(.text.TIM_Base_SetConfig)
    [Anonymous Symbol]                       0x080045e8   Section        0  stm32g4xx_it.o(.text.UART4_IRQHandler)
    [Anonymous Symbol]                       0x080045f4   Section        0  stm32g4xx_hal_uart.o(.text.UART_AdvFeatureConfig)
    [Anonymous Symbol]                       0x080046dc   Section        0  stm32g4xx_hal_uart.o(.text.UART_CheckIdleState)
    UART_DMAAbortOnError                     0x08004849   Thumb Code    12  stm32g4xx_hal_uart.o(.text.UART_DMAAbortOnError)
    [Anonymous Symbol]                       0x08004848   Section        0  stm32g4xx_hal_uart.o(.text.UART_DMAAbortOnError)
    UART_DMAError                            0x08004855   Thumb Code   474  stm32g4xx_hal_uart.o(.text.UART_DMAError)
    [Anonymous Symbol]                       0x08004854   Section        0  stm32g4xx_hal_uart.o(.text.UART_DMAError)
    UART_DMAReceiveCplt                      0x08004a31   Thumb Code   356  stm32g4xx_hal_uart.o(.text.UART_DMAReceiveCplt)
    [Anonymous Symbol]                       0x08004a30   Section        0  stm32g4xx_hal_uart.o(.text.UART_DMAReceiveCplt)
    UART_DMARxHalfCplt                       0x08004b95   Thumb Code    26  stm32g4xx_hal_uart.o(.text.UART_DMARxHalfCplt)
    [Anonymous Symbol]                       0x08004b94   Section        0  stm32g4xx_hal_uart.o(.text.UART_DMARxHalfCplt)
    UART_DMATransmitCplt                     0x08004bb1   Thumb Code   176  stm32g4xx_hal_uart.o(.text.UART_DMATransmitCplt)
    [Anonymous Symbol]                       0x08004bb0   Section        0  stm32g4xx_hal_uart.o(.text.UART_DMATransmitCplt)
    UART_DMATxHalfCplt                       0x08004c61   Thumb Code     6  stm32g4xx_hal_uart.o(.text.UART_DMATxHalfCplt)
    [Anonymous Symbol]                       0x08004c60   Section        0  stm32g4xx_hal_uart.o(.text.UART_DMATxHalfCplt)
    [Anonymous Symbol]                       0x08004c68   Section        0  stm32g4xx_hal_uart.o(.text.UART_SetConfig)
    [Anonymous Symbol]                       0x08004f00   Section        0  stm32g4xx_hal_uart.o(.text.UART_WaitOnFlagUntilTimeout)
    [Anonymous Symbol]                       0x08005238   Section        0  stm32g4xx_it.o(.text.USART3_IRQHandler)
    [Anonymous Symbol]                       0x08005244   Section        0  stm32g4xx_it.o(.text.UsageFault_Handler)
    [Anonymous Symbol]                       0x08005248   Section        0  main.o(.text.main)
    CL$$btod_d2e                             0x080054e0   Section       62  btod.o(CL$$btod_d2e)
    CL$$btod_d2e_denorm_low                  0x0800551e   Section       70  btod.o(CL$$btod_d2e_denorm_low)
    CL$$btod_d2e_norm_op1                    0x08005564   Section       96  btod.o(CL$$btod_d2e_norm_op1)
    CL$$btod_div_common                      0x080055c4   Section      824  btod.o(CL$$btod_div_common)
    CL$$btod_e2e                             0x080058fc   Section      220  btod.o(CL$$btod_e2e)
    CL$$btod_ediv                            0x080059d8   Section       42  btod.o(CL$$btod_ediv)
    CL$$btod_emul                            0x08005a02   Section       42  btod.o(CL$$btod_emul)
    CL$$btod_mult_common                     0x08005a2c   Section      580  btod.o(CL$$btod_mult_common)
    i.__ARM_fpclassify                       0x08005c70   Section        0  fpclassify.o(i.__ARM_fpclassify)
    i._is_digit                              0x08005ca0   Section        0  __printf_wp.o(i._is_digit)
    locale$$code                             0x08005cb0   Section       44  lc_numeric_c.o(locale$$code)
    $v0                                      0x08005cdc   Number         0  dretinf.o(x$fpl$dretinf)
    x$fpl$dretinf                            0x08005cdc   Section       12  dretinf.o(x$fpl$dretinf)
    $v0                                      0x08005ce8   Number         0  f2d.o(x$fpl$f2d)
    x$fpl$f2d                                0x08005ce8   Section       86  f2d.o(x$fpl$f2d)
    $v0                                      0x08005d3e   Number         0  fnaninf.o(x$fpl$fnaninf)
    x$fpl$fnaninf                            0x08005d3e   Section      140  fnaninf.o(x$fpl$fnaninf)
    $v0                                      0x08005dca   Number         0  fpinit.o(x$fpl$fpinit)
    x$fpl$fpinit                             0x08005dca   Section       26  fpinit.o(x$fpl$fpinit)
    $v0                                      0x08005de4   Number         0  printf1.o(x$fpl$printf1)
    x$fpl$printf1                            0x08005de4   Section        4  printf1.o(x$fpl$printf1)
    tenpwrs_x                                0x08005de8   Data          60  bigflt0.o(.constdata)
    .constdata                               0x08005de8   Section      148  bigflt0.o(.constdata)
    x$fpl$usenofp                            0x08005de8   Section        0  usenofp.o(x$fpl$usenofp)
    tenpwrs_i                                0x08005e24   Data          64  bigflt0.o(.constdata)
    .Lswitch.table.UART_SetConfig.4          0x08005eac   Data          16  stm32g4xx_hal_uart.o(.rodata.cst16)
    UARTEx_SetNbDataToProcess.numerator      0x08005ebc   Data           8  stm32g4xx_hal_uart_ex.o(.rodata.cst8)
    [Anonymous Symbol]                       0x08005ebc   Section        0  stm32g4xx_hal_uart_ex.o(.rodata.cst8)
    UARTEx_SetNbDataToProcess.denominator    0x08005ec4   Data           8  stm32g4xx_hal_uart_ex.o(.rodata.cst8)
    locale$$data                             0x08005eec   Section       28  lc_numeric_c.o(locale$$data)
    __lcnum_c_name                           0x08005ef0   Data           2  lc_numeric_c.o(locale$$data)
    __lcnum_c_start                          0x08005ef8   Data           0  lc_numeric_c.o(locale$$data)
    __lcnum_c_point                          0x08005f04   Data           0  lc_numeric_c.o(locale$$data)
    __lcnum_c_thousands                      0x08005f06   Data           0  lc_numeric_c.o(locale$$data)
    __lcnum_c_grouping                       0x08005f07   Data           0  lc_numeric_c.o(locale$$data)
    __lcnum_c_end                            0x08005f08   Data           0  lc_numeric_c.o(locale$$data)
    .L_MergedGlobals                         0x20000000   Data           8  stm32g4xx_hal.o(.data..L_MergedGlobals)
    [Anonymous Symbol]                       0x20000000   Section        0  stm32g4xx_hal.o(.data..L_MergedGlobals)
    .bss                                     0x20000010   Section       96  libspace.o(.bss)
    .L_MergedGlobals                         0x20000070   Data         112  main.o(.bss..L_MergedGlobals)
    [Anonymous Symbol]                       0x20000070   Section        0  main.o(.bss..L_MergedGlobals)
    .L_MergedGlobals                         0x200000e0   Data          24  bt_control.o(.bss..L_MergedGlobals)
    [Anonymous Symbol]                       0x200000e0   Section        0  bt_control.o(.bss..L_MergedGlobals)
    .L_MergedGlobals.1                       0x200000f8   Data          92  main.o(.bss..L_MergedGlobals.1)
    [Anonymous Symbol]                       0x200000f8   Section        0  main.o(.bss..L_MergedGlobals.1)
    .L_MergedGlobals.2                       0x20000154   Data         104  main.o(.bss..L_MergedGlobals.2)
    [Anonymous Symbol]                       0x20000154   Section        0  main.o(.bss..L_MergedGlobals.2)
    Heap_Mem                                 0x20000760   Data         512  startup_stm32g431xx.o(HEAP)
    HEAP                                     0x20000760   Section      512  startup_stm32g431xx.o(HEAP)
    Stack_Mem                                0x20000960   Data        1024  startup_stm32g431xx.o(STACK)
    STACK                                    0x20000960   Section     1024  startup_stm32g431xx.o(STACK)
    __initial_sp                             0x20000d60   Data           0  startup_stm32g431xx.o(STACK)

    Global Symbols

    Symbol Name                              Value     Ov Type        Size  Object(Section)

    BuildAttributes$$THM_ISAv4$E$P$D$K$B$S$7EM$VFPi3$EXTD16$VFPS$VFMA$PE$A:L22UL41UL21$X:L11$S22US41US21$IEEE1$IW$~IW$USESV6$~STKCKD$USESV7$~SHL$OTIME$ROPI$IEEEJ$EBA8$UX$STANDARDLIB$REQ8$PRES8$EABIv2 0x00000000   Number         0  anon$$obj.o ABSOLUTE
    _printf_flags                            0x00000000   Number         0  printf_stubs.o ABSOLUTE
    _printf_return_value                     0x00000000   Number         0  printf_stubs.o ABSOLUTE
    _printf_sizespec                         0x00000000   Number         0  printf_stubs.o ABSOLUTE
    _printf_widthprec                        0x00000000   Number         0  printf_stubs.o ABSOLUTE
    __ARM_exceptions_init                     - Undefined Weak Reference
    __alloca_initialize                       - Undefined Weak Reference
    __arm_preinit_                            - Undefined Weak Reference
    __arm_relocate_pie_                       - Undefined Weak Reference
    __cpp_initialize__aeabi_                  - Undefined Weak Reference
    __cxa_finalize                            - Undefined Weak Reference
    __sigvec_lookup                           - Undefined Weak Reference
    _atexit_init                              - Undefined Weak Reference
    _call_atexit_fns                          - Undefined Weak Reference
    _clock_init                               - Undefined Weak Reference
    _fp_trap_init                             - Undefined Weak Reference
    _fp_trap_shutdown                         - Undefined Weak Reference
    _get_lc_collate                           - Undefined Weak Reference
    _get_lc_ctype                             - Undefined Weak Reference
    _get_lc_monetary                          - Undefined Weak Reference
    _get_lc_time                              - Undefined Weak Reference
    _getenv_init                              - Undefined Weak Reference
    _handle_redirection                       - Undefined Weak Reference
    _init_alloc                               - Undefined Weak Reference
    _init_user_alloc                          - Undefined Weak Reference
    _initio                                   - Undefined Weak Reference
    _printf_post_padding                      - Undefined Weak Reference
    _printf_pre_padding                       - Undefined Weak Reference
    _rand_init                                - Undefined Weak Reference
    _signal_finish                            - Undefined Weak Reference
    _signal_init                              - Undefined Weak Reference
    _terminate_alloc                          - Undefined Weak Reference
    _terminate_user_alloc                     - Undefined Weak Reference
    _terminateio                              - Undefined Weak Reference
    __Vectors_Size                           0x000001d8   Number         0  startup_stm32g431xx.o ABSOLUTE
    __Vectors                                0x08000000   Data           4  startup_stm32g431xx.o(RESET)
    __Vectors_End                            0x080001d8   Data           0  startup_stm32g431xx.o(RESET)
    __main                                   0x080001d9   Thumb Code     8  __main.o(!!!main)
    __scatterload                            0x080001e1   Thumb Code     0  __scatter.o(!!!scatter)
    __scatterload_rt2                        0x080001e1   Thumb Code    84  __scatter.o(!!!scatter)
    __scatterload_rt2_thumb_only             0x080001e1   Thumb Code     0  __scatter.o(!!!scatter)
    __scatterload_loop                       0x080001eb   Thumb Code     0  __scatter.o(!!!scatter)
    __scatterload_copy                       0x0800023d   Thumb Code    26  __scatter_copy.o(!!handler_copy)
    __scatterload_null                       0x08000259   Thumb Code     2  __scatter.o(!!handler_null)
    __scatterload_zeroinit                   0x0800025d   Thumb Code    28  __scatter_zi.o(!!handler_zi)
    _printf_f                                0x08000279   Thumb Code     0  _printf_f.o(.ARM.Collect$$_printf_percent$$00000003)
    _printf_percent                          0x08000279   Thumb Code     0  _printf_percent.o(.ARM.Collect$$_printf_percent$$00000000)
    _printf_percent_end                      0x0800027f   Thumb Code     0  _printf_percent_end.o(.ARM.Collect$$_printf_percent$$00000017)
    __rt_lib_init                            0x08000283   Thumb Code     0  libinit.o(.ARM.Collect$$libinit$$00000000)
    __rt_lib_init_fp_1                       0x08000285   Thumb Code     0  libinit2.o(.ARM.Collect$$libinit$$00000001)
    __rt_lib_init_heap_1                     0x08000289   Thumb Code     0  libinit2.o(.ARM.Collect$$libinit$$0000000C)
    __rt_lib_init_lc_common                  0x08000289   Thumb Code     0  libinit2.o(.ARM.Collect$$libinit$$00000011)
    __rt_lib_init_preinit_1                  0x08000289   Thumb Code     0  libinit2.o(.ARM.Collect$$libinit$$00000006)
    __rt_lib_init_rand_1                     0x08000289   Thumb Code     0  libinit2.o(.ARM.Collect$$libinit$$00000010)
    __rt_lib_init_relocate_pie_1             0x08000289   Thumb Code     0  libinit2.o(.ARM.Collect$$libinit$$00000004)
    __rt_lib_init_user_alloc_1               0x08000289   Thumb Code     0  libinit2.o(.ARM.Collect$$libinit$$0000000E)
    __rt_lib_init_lc_collate_1               0x0800028f   Thumb Code     0  libinit2.o(.ARM.Collect$$libinit$$00000013)
    __rt_lib_init_lc_ctype_1                 0x0800028f   Thumb Code     0  libinit2.o(.ARM.Collect$$libinit$$00000015)
    __rt_lib_init_lc_monetary_1              0x0800028f   Thumb Code     0  libinit2.o(.ARM.Collect$$libinit$$00000017)
    __rt_lib_init_lc_numeric_2               0x0800028f   Thumb Code     0  libinit2.o(.ARM.Collect$$libinit$$00000018)
    __rt_lib_init_alloca_1                   0x08000299   Thumb Code     0  libinit2.o(.ARM.Collect$$libinit$$00000030)
    __rt_lib_init_argv_1                     0x08000299   Thumb Code     0  libinit2.o(.ARM.Collect$$libinit$$0000002E)
    __rt_lib_init_atexit_1                   0x08000299   Thumb Code     0  libinit2.o(.ARM.Collect$$libinit$$0000001D)
    __rt_lib_init_clock_1                    0x08000299   Thumb Code     0  libinit2.o(.ARM.Collect$$libinit$$00000023)
    __rt_lib_init_cpp_1                      0x08000299   Thumb Code     0  libinit2.o(.ARM.Collect$$libinit$$00000034)
    __rt_lib_init_exceptions_1               0x08000299   Thumb Code     0  libinit2.o(.ARM.Collect$$libinit$$00000032)
    __rt_lib_init_fp_trap_1                  0x08000299   Thumb Code     0  libinit2.o(.ARM.Collect$$libinit$$00000021)
    __rt_lib_init_getenv_1                   0x08000299   Thumb Code     0  libinit2.o(.ARM.Collect$$libinit$$00000025)
    __rt_lib_init_lc_numeric_1               0x08000299   Thumb Code     0  libinit2.o(.ARM.Collect$$libinit$$00000019)
    __rt_lib_init_lc_time_1                  0x08000299   Thumb Code     0  libinit2.o(.ARM.Collect$$libinit$$0000001B)
    __rt_lib_init_return                     0x08000299   Thumb Code     0  libinit2.o(.ARM.Collect$$libinit$$00000035)
    __rt_lib_init_signal_1                   0x08000299   Thumb Code     0  libinit2.o(.ARM.Collect$$libinit$$0000001F)
    __rt_lib_init_stdio_1                    0x08000299   Thumb Code     0  libinit2.o(.ARM.Collect$$libinit$$00000027)
    __rt_lib_shutdown                        0x0800029b   Thumb Code     0  libshutdown.o(.ARM.Collect$$libshutdown$$00000000)
    __rt_lib_shutdown_cpp_1                  0x0800029d   Thumb Code     0  libshutdown2.o(.ARM.Collect$$libshutdown$$00000002)
    __rt_lib_shutdown_fp_trap_1              0x0800029d   Thumb Code     0  libshutdown2.o(.ARM.Collect$$libshutdown$$00000007)
    __rt_lib_shutdown_heap_1                 0x0800029d   Thumb Code     0  libshutdown2.o(.ARM.Collect$$libshutdown$$0000000F)
    __rt_lib_shutdown_return                 0x0800029d   Thumb Code     0  libshutdown2.o(.ARM.Collect$$libshutdown$$00000010)
    __rt_lib_shutdown_signal_1               0x0800029d   Thumb Code     0  libshutdown2.o(.ARM.Collect$$libshutdown$$0000000A)
    __rt_lib_shutdown_stdio_1                0x0800029d   Thumb Code     0  libshutdown2.o(.ARM.Collect$$libshutdown$$00000004)
    __rt_lib_shutdown_user_alloc_1           0x0800029d   Thumb Code     0  libshutdown2.o(.ARM.Collect$$libshutdown$$0000000C)
    __rt_entry                               0x0800029f   Thumb Code     0  __rtentry.o(.ARM.Collect$$rtentry$$00000000)
    __rt_entry_presh_1                       0x0800029f   Thumb Code     0  __rtentry2.o(.ARM.Collect$$rtentry$$00000002)
    __rt_entry_sh                            0x0800029f   Thumb Code     0  __rtentry4.o(.ARM.Collect$$rtentry$$00000004)
    __rt_entry_li                            0x080002a5   Thumb Code     0  __rtentry2.o(.ARM.Collect$$rtentry$$0000000A)
    __rt_entry_postsh_1                      0x080002a5   Thumb Code     0  __rtentry2.o(.ARM.Collect$$rtentry$$00000009)
    __rt_entry_main                          0x080002a9   Thumb Code     0  __rtentry2.o(.ARM.Collect$$rtentry$$0000000D)
    __rt_entry_postli_1                      0x080002a9   Thumb Code     0  __rtentry2.o(.ARM.Collect$$rtentry$$0000000C)
    __rt_exit                                0x080002b1   Thumb Code     0  rtexit.o(.ARM.Collect$$rtexit$$00000000)
    __rt_exit_ls                             0x080002b3   Thumb Code     0  rtexit2.o(.ARM.Collect$$rtexit$$00000003)
    __rt_exit_prels_1                        0x080002b3   Thumb Code     0  rtexit2.o(.ARM.Collect$$rtexit$$00000002)
    __rt_exit_exit                           0x080002b7   Thumb Code     0  rtexit2.o(.ARM.Collect$$rtexit$$00000004)
    Reset_Handler                            0x080002bd   Thumb Code     8  startup_stm32g431xx.o(.text)
    ADC1_2_IRQHandler                        0x080002d7   Thumb Code     0  startup_stm32g431xx.o(.text)
    COMP1_2_3_IRQHandler                     0x080002d7   Thumb Code     0  startup_stm32g431xx.o(.text)
    COMP4_IRQHandler                         0x080002d7   Thumb Code     0  startup_stm32g431xx.o(.text)
    CORDIC_IRQHandler                        0x080002d7   Thumb Code     0  startup_stm32g431xx.o(.text)
    CRS_IRQHandler                           0x080002d7   Thumb Code     0  startup_stm32g431xx.o(.text)
    DMA1_Channel5_IRQHandler                 0x080002d7   Thumb Code     0  startup_stm32g431xx.o(.text)
    DMA1_Channel6_IRQHandler                 0x080002d7   Thumb Code     0  startup_stm32g431xx.o(.text)
    DMA2_Channel1_IRQHandler                 0x080002d7   Thumb Code     0  startup_stm32g431xx.o(.text)
    DMA2_Channel2_IRQHandler                 0x080002d7   Thumb Code     0  startup_stm32g431xx.o(.text)
    DMA2_Channel3_IRQHandler                 0x080002d7   Thumb Code     0  startup_stm32g431xx.o(.text)
    DMA2_Channel4_IRQHandler                 0x080002d7   Thumb Code     0  startup_stm32g431xx.o(.text)
    DMA2_Channel5_IRQHandler                 0x080002d7   Thumb Code     0  startup_stm32g431xx.o(.text)
    DMA2_Channel6_IRQHandler                 0x080002d7   Thumb Code     0  startup_stm32g431xx.o(.text)
    DMAMUX_OVR_IRQHandler                    0x080002d7   Thumb Code     0  startup_stm32g431xx.o(.text)
    EXTI0_IRQHandler                         0x080002d7   Thumb Code     0  startup_stm32g431xx.o(.text)
    EXTI15_10_IRQHandler                     0x080002d7   Thumb Code     0  startup_stm32g431xx.o(.text)
    EXTI1_IRQHandler                         0x080002d7   Thumb Code     0  startup_stm32g431xx.o(.text)
    EXTI2_IRQHandler                         0x080002d7   Thumb Code     0  startup_stm32g431xx.o(.text)
    EXTI3_IRQHandler                         0x080002d7   Thumb Code     0  startup_stm32g431xx.o(.text)
    EXTI4_IRQHandler                         0x080002d7   Thumb Code     0  startup_stm32g431xx.o(.text)
    EXTI9_5_IRQHandler                       0x080002d7   Thumb Code     0  startup_stm32g431xx.o(.text)
    FDCAN1_IT0_IRQHandler                    0x080002d7   Thumb Code     0  startup_stm32g431xx.o(.text)
    FDCAN1_IT1_IRQHandler                    0x080002d7   Thumb Code     0  startup_stm32g431xx.o(.text)
    FLASH_IRQHandler                         0x080002d7   Thumb Code     0  startup_stm32g431xx.o(.text)
    FMAC_IRQHandler                          0x080002d7   Thumb Code     0  startup_stm32g431xx.o(.text)
    FPU_IRQHandler                           0x080002d7   Thumb Code     0  startup_stm32g431xx.o(.text)
    I2C1_ER_IRQHandler                       0x080002d7   Thumb Code     0  startup_stm32g431xx.o(.text)
    I2C1_EV_IRQHandler                       0x080002d7   Thumb Code     0  startup_stm32g431xx.o(.text)
    I2C2_ER_IRQHandler                       0x080002d7   Thumb Code     0  startup_stm32g431xx.o(.text)
    I2C2_EV_IRQHandler                       0x080002d7   Thumb Code     0  startup_stm32g431xx.o(.text)
    I2C3_ER_IRQHandler                       0x080002d7   Thumb Code     0  startup_stm32g431xx.o(.text)
    I2C3_EV_IRQHandler                       0x080002d7   Thumb Code     0  startup_stm32g431xx.o(.text)
    LPTIM1_IRQHandler                        0x080002d7   Thumb Code     0  startup_stm32g431xx.o(.text)
    LPUART1_IRQHandler                       0x080002d7   Thumb Code     0  startup_stm32g431xx.o(.text)
    PVD_PVM_IRQHandler                       0x080002d7   Thumb Code     0  startup_stm32g431xx.o(.text)
    RCC_IRQHandler                           0x080002d7   Thumb Code     0  startup_stm32g431xx.o(.text)
    RNG_IRQHandler                           0x080002d7   Thumb Code     0  startup_stm32g431xx.o(.text)
    RTC_Alarm_IRQHandler                     0x080002d7   Thumb Code     0  startup_stm32g431xx.o(.text)
    RTC_TAMP_LSECSS_IRQHandler               0x080002d7   Thumb Code     0  startup_stm32g431xx.o(.text)
    RTC_WKUP_IRQHandler                      0x080002d7   Thumb Code     0  startup_stm32g431xx.o(.text)
    SAI1_IRQHandler                          0x080002d7   Thumb Code     0  startup_stm32g431xx.o(.text)
    SPI1_IRQHandler                          0x080002d7   Thumb Code     0  startup_stm32g431xx.o(.text)
    SPI2_IRQHandler                          0x080002d7   Thumb Code     0  startup_stm32g431xx.o(.text)
    SPI3_IRQHandler                          0x080002d7   Thumb Code     0  startup_stm32g431xx.o(.text)
    TIM1_BRK_TIM15_IRQHandler                0x080002d7   Thumb Code     0  startup_stm32g431xx.o(.text)
    TIM1_CC_IRQHandler                       0x080002d7   Thumb Code     0  startup_stm32g431xx.o(.text)
    TIM1_TRG_COM_TIM17_IRQHandler            0x080002d7   Thumb Code     0  startup_stm32g431xx.o(.text)
    TIM1_UP_TIM16_IRQHandler                 0x080002d7   Thumb Code     0  startup_stm32g431xx.o(.text)
    TIM2_IRQHandler                          0x080002d7   Thumb Code     0  startup_stm32g431xx.o(.text)
    TIM3_IRQHandler                          0x080002d7   Thumb Code     0  startup_stm32g431xx.o(.text)
    TIM4_IRQHandler                          0x080002d7   Thumb Code     0  startup_stm32g431xx.o(.text)
    TIM8_BRK_IRQHandler                      0x080002d7   Thumb Code     0  startup_stm32g431xx.o(.text)
    TIM8_CC_IRQHandler                       0x080002d7   Thumb Code     0  startup_stm32g431xx.o(.text)
    TIM8_TRG_COM_IRQHandler                  0x080002d7   Thumb Code     0  startup_stm32g431xx.o(.text)
    TIM8_UP_IRQHandler                       0x080002d7   Thumb Code     0  startup_stm32g431xx.o(.text)
    UCPD1_IRQHandler                         0x080002d7   Thumb Code     0  startup_stm32g431xx.o(.text)
    USART1_IRQHandler                        0x080002d7   Thumb Code     0  startup_stm32g431xx.o(.text)
    USART2_IRQHandler                        0x080002d7   Thumb Code     0  startup_stm32g431xx.o(.text)
    USBWakeUp_IRQHandler                     0x080002d7   Thumb Code     0  startup_stm32g431xx.o(.text)
    USB_HP_IRQHandler                        0x080002d7   Thumb Code     0  startup_stm32g431xx.o(.text)
    USB_LP_IRQHandler                        0x080002d7   Thumb Code     0  startup_stm32g431xx.o(.text)
    WWDG_IRQHandler                          0x080002d7   Thumb Code     0  startup_stm32g431xx.o(.text)
    __user_initial_stackheap                 0x080002d9   Thumb Code     0  startup_stm32g431xx.o(.text)
    __aeabi_uldivmod                         0x080002fd   Thumb Code     0  lludivv7m.o(.text)
    _ll_udiv                                 0x080002fd   Thumb Code   240  lludivv7m.o(.text)
    __2sprintf                               0x080003ed   Thumb Code    34  noretval__2sprintf.o(.text)
    __printf                                 0x08000415   Thumb Code   270  __printf_wp.o(.text)
    strlen                                   0x08000523   Thumb Code    62  strlen.o(.text)
    __aeabi_memclr4                          0x08000561   Thumb Code     0  rt_memclr_w.o(.text)
    __aeabi_memclr8                          0x08000561   Thumb Code     0  rt_memclr_w.o(.text)
    __rt_memclr_w                            0x08000561   Thumb Code     0  rt_memclr_w.o(.text)
    _memset_w                                0x08000565   Thumb Code    74  rt_memclr_w.o(.text)
    __use_two_region_memory                  0x080005af   Thumb Code     2  heapauxi.o(.text)
    __rt_heap_escrow$2region                 0x080005b1   Thumb Code     2  heapauxi.o(.text)
    __rt_heap_expand$2region                 0x080005b3   Thumb Code     2  heapauxi.o(.text)
    _printf_fp_dec_real                      0x08000765   Thumb Code   620  _printf_fp_dec.o(.text)
    _printf_char_common                      0x080009db   Thumb Code    32  _printf_char_common.o(.text)
    _sputc                                   0x08000a01   Thumb Code    10  _sputc.o(.text)
    __rt_locale                              0x08000a0d   Thumb Code     8  rt_locale_intlibspace.o(.text)
    _ll_udiv10                               0x08000a15   Thumb Code   138  lludiv10.o(.text)
    _printf_fp_infnan                        0x08000aa1   Thumb Code   112  _printf_fp_infnan.o(.text)
    _btod_etento                             0x08000b21   Thumb Code   224  bigflt0.o(.text)
    __user_libspace                          0x08000c05   Thumb Code     8  libspace.o(.text)
    __user_perproc_libspace                  0x08000c05   Thumb Code     0  libspace.o(.text)
    __user_perthread_libspace                0x08000c05   Thumb Code     0  libspace.o(.text)
    __user_setup_stackheap                   0x08000c0d   Thumb Code    74  sys_stackheap_outer.o(.text)
    exit                                     0x08000c57   Thumb Code    18  exit.o(.text)
    strcmp                                   0x08000c69   Thumb Code   124  strcmpv7em.o(.text)
    _sys_exit                                0x08000ce5   Thumb Code     8  sys_exit.o(.text)
    __I$use$semihosting                      0x08000cf1   Thumb Code     0  use_no_semi.o(.text)
    __use_no_semihosting_swi                 0x08000cf1   Thumb Code     2  use_no_semi.o(.text)
    __semihosting_library_function           0x08000cf3   Thumb Code     0  indicate_semi.o(.text)
    BT_Init                                  0x08000cf5   Thumb Code    26  bt_control.o(.text.BT_Init)
    BT_Read                                  0x08000d11   Thumb Code   234  bt_control.o(.text.BT_Read)
    BusFault_Handler                         0x08000dfd   Thumb Code     2  stm32g4xx_it.o(.text.BusFault_Handler)
    DMA1_Channel1_IRQHandler                 0x08000e01   Thumb Code    12  stm32g4xx_it.o(.text.DMA1_Channel1_IRQHandler)
    DMA1_Channel2_IRQHandler                 0x08000e0d   Thumb Code    12  stm32g4xx_it.o(.text.DMA1_Channel2_IRQHandler)
    DMA1_Channel3_IRQHandler                 0x08000e19   Thumb Code    12  stm32g4xx_it.o(.text.DMA1_Channel3_IRQHandler)
    DMA1_Channel4_IRQHandler                 0x08000e25   Thumb Code    12  stm32g4xx_it.o(.text.DMA1_Channel4_IRQHandler)
    DebugMon_Handler                         0x08000e31   Thumb Code     2  stm32g4xx_it.o(.text.DebugMon_Handler)
    ENC_Get                                  0x08000e35   Thumb Code    10  encoder.o(.text.ENC_Get)
    ENC_Init                                 0x08000e41   Thumb Code    22  encoder.o(.text.ENC_Init)
    Error_Handler                            0x08000e59   Thumb Code    10  main.o(.text.Error_Handler)
    HAL_DMA_Abort                            0x08000e65   Thumb Code   112  stm32g4xx_hal_dma.o(.text.HAL_DMA_Abort)
    HAL_DMA_Abort_IT                         0x08000ed5   Thumb Code   128  stm32g4xx_hal_dma.o(.text.HAL_DMA_Abort_IT)
    HAL_DMA_IRQHandler                       0x08000f55   Thumb Code   170  stm32g4xx_hal_dma.o(.text.HAL_DMA_IRQHandler)
    HAL_DMA_Init                             0x08001001   Thumb Code   280  stm32g4xx_hal_dma.o(.text.HAL_DMA_Init)
    HAL_DMA_Start_IT                         0x08001119   Thumb Code   232  stm32g4xx_hal_dma.o(.text.HAL_DMA_Start_IT)
    HAL_GPIO_Init                            0x08001201   Thumb Code   434  stm32g4xx_hal_gpio.o(.text.HAL_GPIO_Init)
    HAL_GPIO_WritePin                        0x080013b5   Thumb Code    12  stm32g4xx_hal_gpio.o(.text.HAL_GPIO_WritePin)
    HAL_GetTick                              0x080013c1   Thumb Code    12  stm32g4xx_hal.o(.text.HAL_GetTick)
    HAL_IncTick                              0x080013cd   Thumb Code    26  stm32g4xx_hal.o(.text.HAL_IncTick)
    HAL_Init                                 0x080013e9   Thumb Code    30  stm32g4xx_hal.o(.text.HAL_Init)
    HAL_InitTick                             0x08001409   Thumb Code    80  stm32g4xx_hal.o(.text.HAL_InitTick)
    HAL_MspInit                              0x08001459   Thumb Code    52  stm32g4xx_hal_msp.o(.text.HAL_MspInit)
    HAL_NVIC_EnableIRQ                       0x0800148d   Thumb Code    34  stm32g4xx_hal_cortex.o(.text.HAL_NVIC_EnableIRQ)
    HAL_NVIC_SetPriority                     0x080014b1   Thumb Code    86  stm32g4xx_hal_cortex.o(.text.HAL_NVIC_SetPriority)
    HAL_NVIC_SetPriorityGrouping             0x08001509   Thumb Code    32  stm32g4xx_hal_cortex.o(.text.HAL_NVIC_SetPriorityGrouping)
    HAL_PWREx_ControlVoltageScaling          0x08001529   Thumb Code   270  stm32g4xx_hal_pwr_ex.o(.text.HAL_PWREx_ControlVoltageScaling)
    HAL_PWREx_DisableUCPDDeadBattery         0x08001639   Thumb Code    18  stm32g4xx_hal_pwr_ex.o(.text.HAL_PWREx_DisableUCPDDeadBattery)
    HAL_RCCEx_PeriphCLKConfig                0x0800164d   Thumb Code   618  stm32g4xx_hal_rcc_ex.o(.text.HAL_RCCEx_PeriphCLKConfig)
    HAL_RCC_ClockConfig                      0x080018b9   Thumb Code   772  stm32g4xx_hal_rcc.o(.text.HAL_RCC_ClockConfig)
    HAL_RCC_GetPCLK1Freq                     0x08001bbd   Thumb Code    42  stm32g4xx_hal_rcc.o(.text.HAL_RCC_GetPCLK1Freq)
    HAL_RCC_GetPCLK2Freq                     0x08001be9   Thumb Code    42  stm32g4xx_hal_rcc.o(.text.HAL_RCC_GetPCLK2Freq)
    HAL_RCC_GetSysClockFreq                  0x08001c15   Thumb Code   130  stm32g4xx_hal_rcc.o(.text.HAL_RCC_GetSysClockFreq)
    HAL_RCC_OscConfig                        0x08001c99   Thumb Code  1230  stm32g4xx_hal_rcc.o(.text.HAL_RCC_OscConfig)
    HAL_SYSTICK_Config                       0x08002169   Thumb Code    44  stm32g4xx_hal_cortex.o(.text.HAL_SYSTICK_Config)
    HAL_TIMEx_Break2Callback                 0x08002195   Thumb Code     2  stm32g4xx_hal_tim_ex.o(.text.HAL_TIMEx_Break2Callback)
    HAL_TIMEx_BreakCallback                  0x08002199   Thumb Code     2  stm32g4xx_hal_tim_ex.o(.text.HAL_TIMEx_BreakCallback)
    HAL_TIMEx_CommutCallback                 0x0800219d   Thumb Code     2  stm32g4xx_hal_tim_ex.o(.text.HAL_TIMEx_CommutCallback)
    HAL_TIMEx_DirectionChangeCallback        0x080021a1   Thumb Code     2  stm32g4xx_hal_tim_ex.o(.text.HAL_TIMEx_DirectionChangeCallback)
    HAL_TIMEx_EncoderIndexCallback           0x080021a5   Thumb Code     2  stm32g4xx_hal_tim_ex.o(.text.HAL_TIMEx_EncoderIndexCallback)
    HAL_TIMEx_IndexErrorCallback             0x080021a9   Thumb Code     2  stm32g4xx_hal_tim_ex.o(.text.HAL_TIMEx_IndexErrorCallback)
    HAL_TIMEx_MasterConfigSynchronization    0x080021ad   Thumb Code   166  stm32g4xx_hal_tim_ex.o(.text.HAL_TIMEx_MasterConfigSynchronization)
    HAL_TIMEx_TransitionErrorCallback        0x08002255   Thumb Code     2  stm32g4xx_hal_tim_ex.o(.text.HAL_TIMEx_TransitionErrorCallback)
    HAL_TIM_Base_Init                        0x08002259   Thumb Code    98  stm32g4xx_hal_tim.o(.text.HAL_TIM_Base_Init)
    HAL_TIM_Base_MspInit                     0x080022bd   Thumb Code   218  tim.o(.text.HAL_TIM_Base_MspInit)
    HAL_TIM_Base_Start                       0x08002399   Thumb Code   138  stm32g4xx_hal_tim.o(.text.HAL_TIM_Base_Start)
    HAL_TIM_Base_Start_IT                    0x08002425   Thumb Code   146  stm32g4xx_hal_tim.o(.text.HAL_TIM_Base_Start_IT)
    HAL_TIM_ConfigClockSource                0x080024b9   Thumb Code   516  stm32g4xx_hal_tim.o(.text.HAL_TIM_ConfigClockSource)
    HAL_TIM_Encoder_Init                     0x080026bd   Thumb Code   182  stm32g4xx_hal_tim.o(.text.HAL_TIM_Encoder_Init)
    HAL_TIM_Encoder_MspInit                  0x08002775   Thumb Code   304  tim.o(.text.HAL_TIM_Encoder_MspInit)
    HAL_TIM_Encoder_Start                    0x080028a5   Thumb Code   188  stm32g4xx_hal_tim.o(.text.HAL_TIM_Encoder_Start)
    HAL_TIM_IC_CaptureCallback               0x08002961   Thumb Code     2  stm32g4xx_hal_tim.o(.text.HAL_TIM_IC_CaptureCallback)
    HAL_TIM_IRQHandler                       0x08002965   Thumb Code   460  stm32g4xx_hal_tim.o(.text.HAL_TIM_IRQHandler)
    HAL_TIM_OC_DelayElapsedCallback          0x08002b31   Thumb Code     2  stm32g4xx_hal_tim.o(.text.HAL_TIM_OC_DelayElapsedCallback)
    HAL_TIM_PWM_PulseFinishedCallback        0x08002b35   Thumb Code     2  stm32g4xx_hal_tim.o(.text.HAL_TIM_PWM_PulseFinishedCallback)
    HAL_TIM_PeriodElapsedCallback            0x08002b39   Thumb Code   620  main.o(.text.HAL_TIM_PeriodElapsedCallback)
    HAL_TIM_TriggerCallback                  0x08002dc1   Thumb Code     2  stm32g4xx_hal_tim.o(.text.HAL_TIM_TriggerCallback)
    HAL_UARTEx_DisableFifoMode               0x08002dc5   Thumb Code    54  stm32g4xx_hal_uart_ex.o(.text.HAL_UARTEx_DisableFifoMode)
    HAL_UARTEx_RxEventCallback               0x08002dfd   Thumb Code     2  stm32g4xx_hal_uart.o(.text.HAL_UARTEx_RxEventCallback)
    HAL_UARTEx_RxFifoFullCallback            0x08002e01   Thumb Code     2  stm32g4xx_hal_uart_ex.o(.text.HAL_UARTEx_RxFifoFullCallback)
    HAL_UARTEx_SetRxFifoThreshold            0x08002e05   Thumb Code   140  stm32g4xx_hal_uart_ex.o(.text.HAL_UARTEx_SetRxFifoThreshold)
    HAL_UARTEx_SetTxFifoThreshold            0x08002e91   Thumb Code   140  stm32g4xx_hal_uart_ex.o(.text.HAL_UARTEx_SetTxFifoThreshold)
    HAL_UARTEx_TxFifoEmptyCallback           0x08002f1d   Thumb Code     2  stm32g4xx_hal_uart_ex.o(.text.HAL_UARTEx_TxFifoEmptyCallback)
    HAL_UARTEx_WakeupCallback                0x08002f21   Thumb Code     2  stm32g4xx_hal_uart_ex.o(.text.HAL_UARTEx_WakeupCallback)
    HAL_UART_ErrorCallback                   0x08002f25   Thumb Code     2  stm32g4xx_hal_uart.o(.text.HAL_UART_ErrorCallback)
    HAL_UART_IRQHandler                      0x08002f29   Thumb Code  1614  stm32g4xx_hal_uart.o(.text.HAL_UART_IRQHandler)
    HAL_UART_Init                            0x08003579   Thumb Code   100  stm32g4xx_hal_uart.o(.text.HAL_UART_Init)
    HAL_UART_MspInit                         0x080035dd   Thumb Code   488  usart.o(.text.HAL_UART_MspInit)
    HAL_UART_Receive_DMA                     0x080037c5   Thumb Code   496  stm32g4xx_hal_uart.o(.text.HAL_UART_Receive_DMA)
    HAL_UART_RxCpltCallback                  0x080039b5   Thumb Code    76  main.o(.text.HAL_UART_RxCpltCallback)
    HAL_UART_RxHalfCpltCallback              0x08003a01   Thumb Code     2  stm32g4xx_hal_uart.o(.text.HAL_UART_RxHalfCpltCallback)
    HAL_UART_Transmit                        0x08003a05   Thumb Code   430  stm32g4xx_hal_uart.o(.text.HAL_UART_Transmit)
    HAL_UART_Transmit_DMA                    0x08003bb5   Thumb Code   232  stm32g4xx_hal_uart.o(.text.HAL_UART_Transmit_DMA)
    HAL_UART_TxCpltCallback                  0x08003c9d   Thumb Code     2  stm32g4xx_hal_uart.o(.text.HAL_UART_TxCpltCallback)
    HAL_UART_TxHalfCpltCallback              0x08003ca1   Thumb Code     2  stm32g4xx_hal_uart.o(.text.HAL_UART_TxHalfCpltCallback)
    HardFault_Handler                        0x08003ca5   Thumb Code     2  stm32g4xx_it.o(.text.HardFault_Handler)
    MW_Control                               0x08003ca9   Thumb Code   310  mw_control.o(.text.MW_Control)
    MX_DMA_Init                              0x08003de1   Thumb Code   118  dma.o(.text.MX_DMA_Init)
    MX_GPIO_Init                             0x08003e59   Thumb Code   180  gpio.o(.text.MX_GPIO_Init)
    MX_TIM15_Init                            0x08003f0d   Thumb Code   124  tim.o(.text.MX_TIM15_Init)
    MX_TIM17_Init                            0x08003f89   Thumb Code    56  tim.o(.text.MX_TIM17_Init)
    MX_TIM1_Init                             0x08003fc1   Thumb Code   112  tim.o(.text.MX_TIM1_Init)
    MX_TIM2_Init                             0x08004031   Thumb Code   100  tim.o(.text.MX_TIM2_Init)
    MX_TIM3_Init                             0x08004095   Thumb Code   104  tim.o(.text.MX_TIM3_Init)
    MX_TIM4_Init                             0x080040fd   Thumb Code   106  tim.o(.text.MX_TIM4_Init)
    MX_TIM6_Init                             0x08004169   Thumb Code    80  tim.o(.text.MX_TIM6_Init)
    MX_TIM7_Init                             0x080041b9   Thumb Code    80  tim.o(.text.MX_TIM7_Init)
    MX_UART4_Init                            0x08004209   Thumb Code   130  usart.o(.text.MX_UART4_Init)
    MX_USART3_UART_Init                      0x0800428d   Thumb Code   130  usart.o(.text.MX_USART3_UART_Init)
    MemManage_Handler                        0x08004311   Thumb Code     2  stm32g4xx_it.o(.text.MemManage_Handler)
    NMI_Handler                              0x08004315   Thumb Code     2  stm32g4xx_it.o(.text.NMI_Handler)
    PID_Compute                              0x08004319   Thumb Code   182  pid.o(.text.PID_Compute)
    PID_Init                                 0x080043d1   Thumb Code    48  pid.o(.text.PID_Init)
    PID_Setpoint                             0x08004401   Thumb Code     6  pid.o(.text.PID_Setpoint)
    PendSV_Handler                           0x08004409   Thumb Code     2  stm32g4xx_it.o(.text.PendSV_Handler)
    SIMPWM_Init                              0x0800440d   Thumb Code    54  simpwm.o(.text.SIMPWM_Init)
    SIMPWM_Run                               0x08004445   Thumb Code    52  simpwm.o(.text.SIMPWM_Run)
    SIMPWM_SET_CRR                           0x08004479   Thumb Code     6  simpwm.o(.text.SIMPWM_SET_CRR)
    SVC_Handler                              0x08004481   Thumb Code     2  stm32g4xx_it.o(.text.SVC_Handler)
    SysTick_Handler                          0x08004485   Thumb Code     4  stm32g4xx_it.o(.text.SysTick_Handler)
    SystemInit                               0x08004489   Thumb Code    18  system_stm32g4xx.o(.text.SystemInit)
    TIM6_DAC_IRQHandler                      0x0800449d   Thumb Code    12  stm32g4xx_it.o(.text.TIM6_DAC_IRQHandler)
    TIM7_IRQHandler                          0x080044a9   Thumb Code    12  stm32g4xx_it.o(.text.TIM7_IRQHandler)
    TIM_Base_SetConfig                       0x080044b5   Thumb Code   308  stm32g4xx_hal_tim.o(.text.TIM_Base_SetConfig)
    UART4_IRQHandler                         0x080045e9   Thumb Code    12  stm32g4xx_it.o(.text.UART4_IRQHandler)
    UART_AdvFeatureConfig                    0x080045f5   Thumb Code   230  stm32g4xx_hal_uart.o(.text.UART_AdvFeatureConfig)
    UART_CheckIdleState                      0x080046dd   Thumb Code   362  stm32g4xx_hal_uart.o(.text.UART_CheckIdleState)
    UART_SetConfig                           0x08004c69   Thumb Code   648  stm32g4xx_hal_uart.o(.text.UART_SetConfig)
    UART_WaitOnFlagUntilTimeout              0x08004f01   Thumb Code   822  stm32g4xx_hal_uart.o(.text.UART_WaitOnFlagUntilTimeout)
    USART3_IRQHandler                        0x08005239   Thumb Code    12  stm32g4xx_it.o(.text.USART3_IRQHandler)
    UsageFault_Handler                       0x08005245   Thumb Code     2  stm32g4xx_it.o(.text.UsageFault_Handler)
    main                                     0x08005249   Thumb Code   644  main.o(.text.main)
    _btod_d2e                                0x080054e1   Thumb Code    62  btod.o(CL$$btod_d2e)
    _d2e_denorm_low                          0x0800551f   Thumb Code    70  btod.o(CL$$btod_d2e_denorm_low)
    _d2e_norm_op1                            0x08005565   Thumb Code    96  btod.o(CL$$btod_d2e_norm_op1)
    __btod_div_common                        0x080055c5   Thumb Code   696  btod.o(CL$$btod_div_common)
    _e2e                                     0x080058fd   Thumb Code   220  btod.o(CL$$btod_e2e)
    _btod_ediv                               0x080059d9   Thumb Code    42  btod.o(CL$$btod_ediv)
    _btod_emul                               0x08005a03   Thumb Code    42  btod.o(CL$$btod_emul)
    __btod_mult_common                       0x08005a2d   Thumb Code   580  btod.o(CL$$btod_mult_common)
    __ARM_fpclassify                         0x08005c71   Thumb Code    48  fpclassify.o(i.__ARM_fpclassify)
    _is_digit                                0x08005ca1   Thumb Code    14  __printf_wp.o(i._is_digit)
    _get_lc_numeric                          0x08005cb1   Thumb Code    44  lc_numeric_c.o(locale$$code)
    __fpl_dretinf                            0x08005cdd   Thumb Code    12  dretinf.o(x$fpl$dretinf)
    __aeabi_f2d                              0x08005ce9   Thumb Code     0  f2d.o(x$fpl$f2d)
    _f2d                                     0x08005ce9   Thumb Code    86  f2d.o(x$fpl$f2d)
    __fpl_fnaninf                            0x08005d3f   Thumb Code   140  fnaninf.o(x$fpl$fnaninf)
    _fp_init                                 0x08005dcb   Thumb Code    26  fpinit.o(x$fpl$fpinit)
    __fplib_config_fpu_vfp                   0x08005de3   Thumb Code     0  fpinit.o(x$fpl$fpinit)
    __fplib_config_pureend_doubles           0x08005de3   Thumb Code     0  fpinit.o(x$fpl$fpinit)
    _printf_fp_dec                           0x08005de5   Thumb Code     4  printf1.o(x$fpl$printf1)
    __I$use$fp                               0x08005de8   Number         0  usenofp.o(x$fpl$usenofp)
    AHBPrescTable                            0x08005e7c   Data          16  system_stm32g4xx.o(.rodata.AHBPrescTable)
    APBPrescTable                            0x08005e8c   Data           8  system_stm32g4xx.o(.rodata.APBPrescTable)
    UARTPrescTable                           0x08005e94   Data          24  stm32g4xx_hal_uart.o(.rodata.UARTPrescTable)
    Region$$Table$$Base                      0x08005ecc   Number         0  anon$$obj.o(Region$$Table)
    Region$$Table$$Limit                     0x08005eec   Number         0  anon$$obj.o(Region$$Table)
    uwTickPrio                               0x20000000   Data           4  stm32g4xx_hal.o(.data..L_MergedGlobals)
    uwTickFreq                               0x20000004   Data           4  stm32g4xx_hal.o(.data..L_MergedGlobals)
    SystemCoreClock                          0x20000008   Data           4  system_stm32g4xx.o(.data.SystemCoreClock)
    __libspace_start                         0x20000010   Data          96  libspace.o(.bss)
    __temporary_stack_top$libspace           0x20000070   Data           0  libspace.o(.bss)
    msg                                      0x20000070   Data           1  main.o(.bss..L_MergedGlobals)
    encoderA1                                0x20000074   Data          12  main.o(.bss..L_MergedGlobals)
    encoderA2                                0x20000080   Data          12  main.o(.bss..L_MergedGlobals)
    encoderB1                                0x2000008c   Data          12  main.o(.bss..L_MergedGlobals)
    encoderB2                                0x20000098   Data          12  main.o(.bss..L_MergedGlobals)
    rx_data                                  0x200000a4   Data          20  main.o(.bss..L_MergedGlobals)
    motorA1                                  0x200000b8   Data          20  main.o(.bss..L_MergedGlobals)
    motorA2                                  0x200000cc   Data          20  main.o(.bss..L_MergedGlobals)
    bt_state                                 0x200000e0   Data           4  bt_control.o(.bss..L_MergedGlobals)
    data                                     0x200000e4   Data          20  bt_control.o(.bss..L_MergedGlobals)
    motorB1                                  0x200000f8   Data          20  main.o(.bss..L_MergedGlobals.1)
    motorB2                                  0x2000010c   Data          20  main.o(.bss..L_MergedGlobals.1)
    pidA1                                    0x20000120   Data          52  main.o(.bss..L_MergedGlobals.1)
    pidA2                                    0x20000154   Data          52  main.o(.bss..L_MergedGlobals.2)
    pidB1                                    0x20000188   Data          52  main.o(.bss..L_MergedGlobals.2)
    hdma_uart4_rx                            0x200001bc   Data          96  usart.o(.bss.hdma_uart4_rx)
    hdma_uart4_tx                            0x2000021c   Data          96  usart.o(.bss.hdma_uart4_tx)
    hdma_usart3_rx                           0x2000027c   Data          96  usart.o(.bss.hdma_usart3_rx)
    hdma_usart3_tx                           0x200002dc   Data          96  usart.o(.bss.hdma_usart3_tx)
    htim1                                    0x2000033c   Data          76  tim.o(.bss.htim1)
    htim15                                   0x20000388   Data          76  tim.o(.bss.htim15)
    htim17                                   0x200003d4   Data          76  tim.o(.bss.htim17)
    htim2                                    0x20000420   Data          76  tim.o(.bss.htim2)
    htim3                                    0x2000046c   Data          76  tim.o(.bss.htim3)
    htim4                                    0x200004b8   Data          76  tim.o(.bss.htim4)
    htim6                                    0x20000504   Data          76  tim.o(.bss.htim6)
    htim7                                    0x20000550   Data          76  tim.o(.bss.htim7)
    huart3                                   0x2000059c   Data         148  usart.o(.bss.huart3)
    huart4                                   0x20000630   Data         148  usart.o(.bss.huart4)
    pidB2                                    0x200006c4   Data          52  main.o(.bss.pidB2)
    temp                                     0x200006f8   Data         100  main.o(.bss.temp)
    uwTick                                   0x2000075c   Data           4  stm32g4xx_hal.o(.bss.uwTick)



==============================================================================

Memory Map of the image

  Image Entry point : 0x080001d9

  Load Region LR_IROM1 (Base: 0x08000000, Size: 0x00005f18, Max: 0x00020000, ABSOLUTE)

    Execution Region ER_IROM1 (Exec base: 0x08000000, Load base: 0x08000000, Size: 0x00005f08, Max: 0x00020000, ABSOLUTE)

    Exec Addr    Load Addr    Size         Type   Attr      Idx    E Section Name        Object

    0x08000000   0x08000000   0x000001d8   Data   RO            3    RESET               startup_stm32g431xx.o
    0x080001d8   0x080001d8   0x00000008   Code   RO         1358  * !!!main             c_w.l(__main.o)
    0x080001e0   0x080001e0   0x0000005c   Code   RO         1626    !!!scatter          c_w.l(__scatter.o)
    0x0800023c   0x0800023c   0x0000001a   Code   RO         1630    !!handler_copy      c_w.l(__scatter_copy.o)
    0x08000256   0x08000256   0x00000002   PAD
    0x08000258   0x08000258   0x00000002   Code   RO         1627    !!handler_null      c_w.l(__scatter.o)
    0x0800025a   0x0800025a   0x00000002   PAD
    0x0800025c   0x0800025c   0x0000001c   Code   RO         1632    !!handler_zi        c_w.l(__scatter_zi.o)
    0x08000278   0x08000278   0x00000000   Code   RO         1351    .ARM.Collect$$_printf_percent$$00000000  c_w.l(_printf_percent.o)
    0x08000278   0x08000278   0x00000006   Code   RO         1350    .ARM.Collect$$_printf_percent$$00000003  c_w.l(_printf_f.o)
    0x0800027e   0x0800027e   0x00000004   Code   RO         1397    .ARM.Collect$$_printf_percent$$00000017  c_w.l(_printf_percent_end.o)
    0x08000282   0x08000282   0x00000002   Code   RO         1489    .ARM.Collect$$libinit$$00000000  c_w.l(libinit.o)
    0x08000284   0x08000284   0x00000004   Code   RO         1490    .ARM.Collect$$libinit$$00000001  c_w.l(libinit2.o)
    0x08000288   0x08000288   0x00000000   Code   RO         1493    .ARM.Collect$$libinit$$00000004  c_w.l(libinit2.o)
    0x08000288   0x08000288   0x00000000   Code   RO         1495    .ARM.Collect$$libinit$$00000006  c_w.l(libinit2.o)
    0x08000288   0x08000288   0x00000000   Code   RO         1498    .ARM.Collect$$libinit$$0000000C  c_w.l(libinit2.o)
    0x08000288   0x08000288   0x00000000   Code   RO         1500    .ARM.Collect$$libinit$$0000000E  c_w.l(libinit2.o)
    0x08000288   0x08000288   0x00000000   Code   RO         1502    .ARM.Collect$$libinit$$00000010  c_w.l(libinit2.o)
    0x08000288   0x08000288   0x00000006   Code   RO         1503    .ARM.Collect$$libinit$$00000011  c_w.l(libinit2.o)
    0x0800028e   0x0800028e   0x00000000   Code   RO         1505    .ARM.Collect$$libinit$$00000013  c_w.l(libinit2.o)
    0x0800028e   0x0800028e   0x00000000   Code   RO         1507    .ARM.Collect$$libinit$$00000015  c_w.l(libinit2.o)
    0x0800028e   0x0800028e   0x00000000   Code   RO         1509    .ARM.Collect$$libinit$$00000017  c_w.l(libinit2.o)
    0x0800028e   0x0800028e   0x0000000a   Code   RO         1510    .ARM.Collect$$libinit$$00000018  c_w.l(libinit2.o)
    0x08000298   0x08000298   0x00000000   Code   RO         1511    .ARM.Collect$$libinit$$00000019  c_w.l(libinit2.o)
    0x08000298   0x08000298   0x00000000   Code   RO         1513    .ARM.Collect$$libinit$$0000001B  c_w.l(libinit2.o)
    0x08000298   0x08000298   0x00000000   Code   RO         1515    .ARM.Collect$$libinit$$0000001D  c_w.l(libinit2.o)
    0x08000298   0x08000298   0x00000000   Code   RO         1517    .ARM.Collect$$libinit$$0000001F  c_w.l(libinit2.o)
    0x08000298   0x08000298   0x00000000   Code   RO         1519    .ARM.Collect$$libinit$$00000021  c_w.l(libinit2.o)
    0x08000298   0x08000298   0x00000000   Code   RO         1521    .ARM.Collect$$libinit$$00000023  c_w.l(libinit2.o)
    0x08000298   0x08000298   0x00000000   Code   RO         1523    .ARM.Collect$$libinit$$00000025  c_w.l(libinit2.o)
    0x08000298   0x08000298   0x00000000   Code   RO         1525    .ARM.Collect$$libinit$$00000027  c_w.l(libinit2.o)
    0x08000298   0x08000298   0x00000000   Code   RO         1529    .ARM.Collect$$libinit$$0000002E  c_w.l(libinit2.o)
    0x08000298   0x08000298   0x00000000   Code   RO         1531    .ARM.Collect$$libinit$$00000030  c_w.l(libinit2.o)
    0x08000298   0x08000298   0x00000000   Code   RO         1533    .ARM.Collect$$libinit$$00000032  c_w.l(libinit2.o)
    0x08000298   0x08000298   0x00000000   Code   RO         1535    .ARM.Collect$$libinit$$00000034  c_w.l(libinit2.o)
    0x08000298   0x08000298   0x00000002   Code   RO         1536    .ARM.Collect$$libinit$$00000035  c_w.l(libinit2.o)
    0x0800029a   0x0800029a   0x00000002   Code   RO         1591    .ARM.Collect$$libshutdown$$00000000  c_w.l(libshutdown.o)
    0x0800029c   0x0800029c   0x00000000   Code   RO         1609    .ARM.Collect$$libshutdown$$00000002  c_w.l(libshutdown2.o)
    0x0800029c   0x0800029c   0x00000000   Code   RO         1611    .ARM.Collect$$libshutdown$$00000004  c_w.l(libshutdown2.o)
    0x0800029c   0x0800029c   0x00000000   Code   RO         1614    .ARM.Collect$$libshutdown$$00000007  c_w.l(libshutdown2.o)
    0x0800029c   0x0800029c   0x00000000   Code   RO         1617    .ARM.Collect$$libshutdown$$0000000A  c_w.l(libshutdown2.o)
    0x0800029c   0x0800029c   0x00000000   Code   RO         1619    .ARM.Collect$$libshutdown$$0000000C  c_w.l(libshutdown2.o)
    0x0800029c   0x0800029c   0x00000000   Code   RO         1622    .ARM.Collect$$libshutdown$$0000000F  c_w.l(libshutdown2.o)
    0x0800029c   0x0800029c   0x00000002   Code   RO         1623    .ARM.Collect$$libshutdown$$00000010  c_w.l(libshutdown2.o)
    0x0800029e   0x0800029e   0x00000000   Code   RO         1384    .ARM.Collect$$rtentry$$00000000  c_w.l(__rtentry.o)
    0x0800029e   0x0800029e   0x00000000   Code   RO         1408    .ARM.Collect$$rtentry$$00000002  c_w.l(__rtentry2.o)
    0x0800029e   0x0800029e   0x00000006   Code   RO         1420    .ARM.Collect$$rtentry$$00000004  c_w.l(__rtentry4.o)
    0x080002a4   0x080002a4   0x00000000   Code   RO         1410    .ARM.Collect$$rtentry$$00000009  c_w.l(__rtentry2.o)
    0x080002a4   0x080002a4   0x00000004   Code   RO         1411    .ARM.Collect$$rtentry$$0000000A  c_w.l(__rtentry2.o)
    0x080002a8   0x080002a8   0x00000000   Code   RO         1413    .ARM.Collect$$rtentry$$0000000C  c_w.l(__rtentry2.o)
    0x080002a8   0x080002a8   0x00000008   Code   RO         1414    .ARM.Collect$$rtentry$$0000000D  c_w.l(__rtentry2.o)
    0x080002b0   0x080002b0   0x00000002   Code   RO         1537    .ARM.Collect$$rtexit$$00000000  c_w.l(rtexit.o)
    0x080002b2   0x080002b2   0x00000000   Code   RO         1556    .ARM.Collect$$rtexit$$00000002  c_w.l(rtexit2.o)
    0x080002b2   0x080002b2   0x00000004   Code   RO         1557    .ARM.Collect$$rtexit$$00000003  c_w.l(rtexit2.o)
    0x080002b6   0x080002b6   0x00000006   Code   RO         1558    .ARM.Collect$$rtexit$$00000004  c_w.l(rtexit2.o)
    0x080002bc   0x080002bc   0x00000040   Code   RO            4    .text               startup_stm32g431xx.o
    0x080002fc   0x080002fc   0x000000f0   Code   RO         1322    .text               c_w.l(lludivv7m.o)
    0x080003ec   0x080003ec   0x00000028   Code   RO         1326    .text               c_w.l(noretval__2sprintf.o)
    0x08000414   0x08000414   0x0000010e   Code   RO         1338    .text               c_w.l(__printf_wp.o)
    0x08000522   0x08000522   0x0000003e   Code   RO         1352    .text               c_w.l(strlen.o)
    0x08000560   0x08000560   0x0000004e   Code   RO         1354    .text               c_w.l(rt_memclr_w.o)
    0x080005ae   0x080005ae   0x00000006   Code   RO         1356    .text               c_w.l(heapauxi.o)
    0x080005b4   0x080005b4   0x0000041c   Code   RO         1389    .text               c_w.l(_printf_fp_dec.o)
    0x080009d0   0x080009d0   0x00000030   Code   RO         1393    .text               c_w.l(_printf_char_common.o)
    0x08000a00   0x08000a00   0x0000000a   Code   RO         1395    .text               c_w.l(_sputc.o)
    0x08000a0a   0x08000a0a   0x00000002   PAD
    0x08000a0c   0x08000a0c   0x00000008   Code   RO         1427    .text               c_w.l(rt_locale_intlibspace.o)
    0x08000a14   0x08000a14   0x0000008a   Code   RO         1429    .text               c_w.l(lludiv10.o)
    0x08000a9e   0x08000a9e   0x00000002   PAD
    0x08000aa0   0x08000aa0   0x00000080   Code   RO         1431    .text               c_w.l(_printf_fp_infnan.o)
    0x08000b20   0x08000b20   0x000000e4   Code   RO         1435    .text               c_w.l(bigflt0.o)
    0x08000c04   0x08000c04   0x00000008   Code   RO         1469    .text               c_w.l(libspace.o)
    0x08000c0c   0x08000c0c   0x0000004a   Code   RO         1472    .text               c_w.l(sys_stackheap_outer.o)
    0x08000c56   0x08000c56   0x00000012   Code   RO         1476    .text               c_w.l(exit.o)
    0x08000c68   0x08000c68   0x0000007c   Code   RO         1482    .text               c_w.l(strcmpv7em.o)
    0x08000ce4   0x08000ce4   0x0000000c   Code   RO         1551    .text               c_w.l(sys_exit.o)
    0x08000cf0   0x08000cf0   0x00000002   Code   RO         1578    .text               c_w.l(use_no_semi.o)
    0x08000cf2   0x08000cf2   0x00000000   Code   RO         1580    .text               c_w.l(indicate_semi.o)
    0x08000cf2   0x08000cf2   0x00000002   PAD
    0x08000cf4   0x08000cf4   0x0000001a   Code   RO         1251    .text.BT_Init       bt_control.o
    0x08000d0e   0x08000d0e   0x00000002   PAD
    0x08000d10   0x08000d10   0x000000ea   Code   RO         1253    .text.BT_Read       bt_control.o
    0x08000dfa   0x08000dfa   0x00000002   PAD
    0x08000dfc   0x08000dfc   0x00000002   Code   RO          122    .text.BusFault_Handler  stm32g4xx_it.o
    0x08000dfe   0x08000dfe   0x00000002   PAD
    0x08000e00   0x08000e00   0x0000000c   Code   RO          134    .text.DMA1_Channel1_IRQHandler  stm32g4xx_it.o
    0x08000e0c   0x08000e0c   0x0000000c   Code   RO          136    .text.DMA1_Channel2_IRQHandler  stm32g4xx_it.o
    0x08000e18   0x08000e18   0x0000000c   Code   RO          138    .text.DMA1_Channel3_IRQHandler  stm32g4xx_it.o
    0x08000e24   0x08000e24   0x0000000c   Code   RO          140    .text.DMA1_Channel4_IRQHandler  stm32g4xx_it.o
    0x08000e30   0x08000e30   0x00000002   Code   RO          128    .text.DebugMon_Handler  stm32g4xx_it.o
    0x08000e32   0x08000e32   0x00000002   PAD
    0x08000e34   0x08000e34   0x0000000a   Code   RO         1309    .text.ENC_Get       encoder.o
    0x08000e3e   0x08000e3e   0x00000002   PAD
    0x08000e40   0x08000e40   0x00000016   Code   RO         1305    .text.ENC_Init      encoder.o
    0x08000e56   0x08000e56   0x00000002   PAD
    0x08000e58   0x08000e58   0x0000000a   Code   RO           19    .text.Error_Handler  main.o
    0x08000e62   0x08000e62   0x00000002   PAD
    0x08000e64   0x08000e64   0x00000070   Code   RO          919    .text.HAL_DMA_Abort  stm32g4xx_hal_dma.o
    0x08000ed4   0x08000ed4   0x00000080   Code   RO          921    .text.HAL_DMA_Abort_IT  stm32g4xx_hal_dma.o
    0x08000f54   0x08000f54   0x000000aa   Code   RO          925    .text.HAL_DMA_IRQHandler  stm32g4xx_hal_dma.o
    0x08000ffe   0x08000ffe   0x00000002   PAD
    0x08001000   0x08001000   0x00000118   Code   RO          911    .text.HAL_DMA_Init  stm32g4xx_hal_dma.o
    0x08001118   0x08001118   0x000000e8   Code   RO          917    .text.HAL_DMA_Start_IT  stm32g4xx_hal_dma.o
    0x08001200   0x08001200   0x000001b2   Code   RO          861    .text.HAL_GPIO_Init  stm32g4xx_hal_gpio.o
    0x080013b2   0x080013b2   0x00000002   PAD
    0x080013b4   0x080013b4   0x0000000c   Code   RO          867    .text.HAL_GPIO_WritePin  stm32g4xx_hal_gpio.o
    0x080013c0   0x080013c0   0x0000000c   Code   RO          633    .text.HAL_GetTick   stm32g4xx_hal.o
    0x080013cc   0x080013cc   0x0000001a   Code   RO          631    .text.HAL_IncTick   stm32g4xx_hal.o
    0x080013e6   0x080013e6   0x00000002   PAD
    0x080013e8   0x080013e8   0x0000001e   Code   RO          621    .text.HAL_Init      stm32g4xx_hal.o
    0x08001406   0x08001406   0x00000002   PAD
    0x08001408   0x08001408   0x00000050   Code   RO          623    .text.HAL_InitTick  stm32g4xx_hal.o
    0x08001458   0x08001458   0x00000034   Code   RO          157    .text.HAL_MspInit   stm32g4xx_hal_msp.o
    0x0800148c   0x0800148c   0x00000022   Code   RO         1005    .text.HAL_NVIC_EnableIRQ  stm32g4xx_hal_cortex.o
    0x080014ae   0x080014ae   0x00000002   PAD
    0x080014b0   0x080014b0   0x00000056   Code   RO         1003    .text.HAL_NVIC_SetPriority  stm32g4xx_hal_cortex.o
    0x08001506   0x08001506   0x00000002   PAD
    0x08001508   0x08001508   0x00000020   Code   RO         1001    .text.HAL_NVIC_SetPriorityGrouping  stm32g4xx_hal_cortex.o
    0x08001528   0x08001528   0x0000010e   Code   RO          167    .text.HAL_PWREx_ControlVoltageScaling  stm32g4xx_hal_pwr_ex.o
    0x08001636   0x08001636   0x00000002   PAD
    0x08001638   0x08001638   0x00000012   Code   RO          237    .text.HAL_PWREx_DisableUCPDDeadBattery  stm32g4xx_hal_pwr_ex.o
    0x0800164a   0x0800164a   0x00000002   PAD
    0x0800164c   0x0800164c   0x0000026a   Code   RO          745    .text.HAL_RCCEx_PeriphCLKConfig  stm32g4xx_hal_rcc_ex.o
    0x080018b6   0x080018b6   0x00000002   PAD
    0x080018b8   0x080018b8   0x00000304   Code   RO          711    .text.HAL_RCC_ClockConfig  stm32g4xx_hal_rcc.o
    0x08001bbc   0x08001bbc   0x0000002a   Code   RO          719    .text.HAL_RCC_GetPCLK1Freq  stm32g4xx_hal_rcc.o
    0x08001be6   0x08001be6   0x00000002   PAD
    0x08001be8   0x08001be8   0x0000002a   Code   RO          721    .text.HAL_RCC_GetPCLK2Freq  stm32g4xx_hal_rcc.o
    0x08001c12   0x08001c12   0x00000002   PAD
    0x08001c14   0x08001c14   0x00000082   Code   RO          713    .text.HAL_RCC_GetSysClockFreq  stm32g4xx_hal_rcc.o
    0x08001c96   0x08001c96   0x00000002   PAD
    0x08001c98   0x08001c98   0x000004ce   Code   RO          709    .text.HAL_RCC_OscConfig  stm32g4xx_hal_rcc.o
    0x08002166   0x08002166   0x00000002   PAD
    0x08002168   0x08002168   0x0000002c   Code   RO         1013    .text.HAL_SYSTICK_Config  stm32g4xx_hal_cortex.o
    0x08002194   0x08002194   0x00000002   Code   RO          598    .text.HAL_TIMEx_Break2Callback  stm32g4xx_hal_tim_ex.o
    0x08002196   0x08002196   0x00000002   PAD
    0x08002198   0x08002198   0x00000002   Code   RO          596    .text.HAL_TIMEx_BreakCallback  stm32g4xx_hal_tim_ex.o
    0x0800219a   0x0800219a   0x00000002   PAD
    0x0800219c   0x0800219c   0x00000002   Code   RO          592    .text.HAL_TIMEx_CommutCallback  stm32g4xx_hal_tim_ex.o
    0x0800219e   0x0800219e   0x00000002   PAD
    0x080021a0   0x080021a0   0x00000002   Code   RO          602    .text.HAL_TIMEx_DirectionChangeCallback  stm32g4xx_hal_tim_ex.o
    0x080021a2   0x080021a2   0x00000002   PAD
    0x080021a4   0x080021a4   0x00000002   Code   RO          600    .text.HAL_TIMEx_EncoderIndexCallback  stm32g4xx_hal_tim_ex.o
    0x080021a6   0x080021a6   0x00000002   PAD
    0x080021a8   0x080021a8   0x00000002   Code   RO          604    .text.HAL_TIMEx_IndexErrorCallback  stm32g4xx_hal_tim_ex.o
    0x080021aa   0x080021aa   0x00000002   PAD
    0x080021ac   0x080021ac   0x000000a6   Code   RO          542    .text.HAL_TIMEx_MasterConfigSynchronization  stm32g4xx_hal_tim_ex.o
    0x08002252   0x08002252   0x00000002   PAD
    0x08002254   0x08002254   0x00000002   Code   RO          606    .text.HAL_TIMEx_TransitionErrorCallback  stm32g4xx_hal_tim_ex.o
    0x08002256   0x08002256   0x00000002   PAD
    0x08002258   0x08002258   0x00000062   Code   RO          247    .text.HAL_TIM_Base_Init  stm32g4xx_hal_tim.o
    0x080022ba   0x080022ba   0x00000002   PAD
    0x080022bc   0x080022bc   0x000000da   Code   RO           72    .text.HAL_TIM_Base_MspInit  tim.o
    0x08002396   0x08002396   0x00000002   PAD
    0x08002398   0x08002398   0x0000008a   Code   RO          257    .text.HAL_TIM_Base_Start  stm32g4xx_hal_tim.o
    0x08002422   0x08002422   0x00000002   PAD
    0x08002424   0x08002424   0x00000092   Code   RO          261    .text.HAL_TIM_Base_Start_IT  stm32g4xx_hal_tim.o
    0x080024b6   0x080024b6   0x00000002   PAD
    0x080024b8   0x080024b8   0x00000204   Code   RO          427    .text.HAL_TIM_ConfigClockSource  stm32g4xx_hal_tim.o
    0x080026bc   0x080026bc   0x000000b6   Code   RO          361    .text.HAL_TIM_Encoder_Init  stm32g4xx_hal_tim.o
    0x08002772   0x08002772   0x00000002   PAD
    0x08002774   0x08002774   0x00000130   Code   RO           70    .text.HAL_TIM_Encoder_MspInit  tim.o
    0x080028a4   0x080028a4   0x000000bc   Code   RO          369    .text.HAL_TIM_Encoder_Start  stm32g4xx_hal_tim.o
    0x08002960   0x08002960   0x00000002   Code   RO          383    .text.HAL_TIM_IC_CaptureCallback  stm32g4xx_hal_tim.o
    0x08002962   0x08002962   0x00000002   PAD
    0x08002964   0x08002964   0x000001cc   Code   RO          381    .text.HAL_TIM_IRQHandler  stm32g4xx_hal_tim.o
    0x08002b30   0x08002b30   0x00000002   Code   RO          385    .text.HAL_TIM_OC_DelayElapsedCallback  stm32g4xx_hal_tim.o
    0x08002b32   0x08002b32   0x00000002   PAD
    0x08002b34   0x08002b34   0x00000002   Code   RO          387    .text.HAL_TIM_PWM_PulseFinishedCallback  stm32g4xx_hal_tim.o
    0x08002b36   0x08002b36   0x00000002   PAD
    0x08002b38   0x08002b38   0x00000288   Code   RO           13    .text.HAL_TIM_PeriodElapsedCallback  main.o
    0x08002dc0   0x08002dc0   0x00000002   Code   RO          391    .text.HAL_TIM_TriggerCallback  stm32g4xx_hal_tim.o
    0x08002dc2   0x08002dc2   0x00000002   PAD
    0x08002dc4   0x08002dc4   0x00000036   Code   RO         1213    .text.HAL_UARTEx_DisableFifoMode  stm32g4xx_hal_uart_ex.o
    0x08002dfa   0x08002dfa   0x00000002   PAD
    0x08002dfc   0x08002dfc   0x00000002   Code   RO         1141    .text.HAL_UARTEx_RxEventCallback  stm32g4xx_hal_uart.o
    0x08002dfe   0x08002dfe   0x00000002   PAD
    0x08002e00   0x08002e00   0x00000002   Code   RO         1199    .text.HAL_UARTEx_RxFifoFullCallback  stm32g4xx_hal_uart_ex.o
    0x08002e02   0x08002e02   0x00000002   PAD
    0x08002e04   0x08002e04   0x0000008c   Code   RO         1217    .text.HAL_UARTEx_SetRxFifoThreshold  stm32g4xx_hal_uart_ex.o
    0x08002e90   0x08002e90   0x0000008c   Code   RO         1215    .text.HAL_UARTEx_SetTxFifoThreshold  stm32g4xx_hal_uart_ex.o
    0x08002f1c   0x08002f1c   0x00000002   Code   RO         1201    .text.HAL_UARTEx_TxFifoEmptyCallback  stm32g4xx_hal_uart_ex.o
    0x08002f1e   0x08002f1e   0x00000002   PAD
    0x08002f20   0x08002f20   0x00000002   Code   RO         1197    .text.HAL_UARTEx_WakeupCallback  stm32g4xx_hal_uart_ex.o
    0x08002f22   0x08002f22   0x00000002   PAD
    0x08002f24   0x08002f24   0x00000002   Code   RO         1139    .text.HAL_UART_ErrorCallback  stm32g4xx_hal_uart.o
    0x08002f26   0x08002f26   0x00000002   PAD
    0x08002f28   0x08002f28   0x0000064e   Code   RO         1135    .text.HAL_UART_IRQHandler  stm32g4xx_hal_uart.o
    0x08003576   0x08003576   0x00000002   PAD
    0x08003578   0x08003578   0x00000064   Code   RO         1051    .text.HAL_UART_Init  stm32g4xx_hal_uart.o
    0x080035dc   0x080035dc   0x000001e8   Code   RO           98    .text.HAL_UART_MspInit  usart.o
    0x080037c4   0x080037c4   0x000001f0   Code   RO         1099    .text.HAL_UART_Receive_DMA  stm32g4xx_hal_uart.o
    0x080039b4   0x080039b4   0x0000004c   Code   RO           11    .text.HAL_UART_RxCpltCallback  main.o
    0x08003a00   0x08003a00   0x00000002   Code   RO         1149    .text.HAL_UART_RxHalfCpltCallback  stm32g4xx_hal_uart.o
    0x08003a02   0x08003a02   0x00000002   PAD
    0x08003a04   0x08003a04   0x000001ae   Code   RO         1071    .text.HAL_UART_Transmit  stm32g4xx_hal_uart.o
    0x08003bb2   0x08003bb2   0x00000002   PAD
    0x08003bb4   0x08003bb4   0x000000e8   Code   RO         1091    .text.HAL_UART_Transmit_DMA  stm32g4xx_hal_uart.o
    0x08003c9c   0x08003c9c   0x00000002   Code   RO         1143    .text.HAL_UART_TxCpltCallback  stm32g4xx_hal_uart.o
    0x08003c9e   0x08003c9e   0x00000002   PAD
    0x08003ca0   0x08003ca0   0x00000002   Code   RO         1145    .text.HAL_UART_TxHalfCpltCallback  stm32g4xx_hal_uart.o
    0x08003ca2   0x08003ca2   0x00000002   PAD
    0x08003ca4   0x08003ca4   0x00000002   Code   RO          118    .text.HardFault_Handler  stm32g4xx_it.o
    0x08003ca6   0x08003ca6   0x00000002   PAD
    0x08003ca8   0x08003ca8   0x00000136   Code   RO         1266    .text.MW_Control    mw_control.o
    0x08003dde   0x08003dde   0x00000002   PAD
    0x08003de0   0x08003de0   0x00000076   Code   RO           45    .text.MX_DMA_Init   dma.o
    0x08003e56   0x08003e56   0x00000002   PAD
    0x08003e58   0x08003e58   0x000000b4   Code   RO           36    .text.MX_GPIO_Init  gpio.o
    0x08003f0c   0x08003f0c   0x0000007c   Code   RO           66    .text.MX_TIM15_Init  tim.o
    0x08003f88   0x08003f88   0x00000038   Code   RO           68    .text.MX_TIM17_Init  tim.o
    0x08003fc0   0x08003fc0   0x00000070   Code   RO           54    .text.MX_TIM1_Init  tim.o
    0x08004030   0x08004030   0x00000064   Code   RO           56    .text.MX_TIM2_Init  tim.o
    0x08004094   0x08004094   0x00000068   Code   RO           58    .text.MX_TIM3_Init  tim.o
    0x080040fc   0x080040fc   0x0000006a   Code   RO           60    .text.MX_TIM4_Init  tim.o
    0x08004166   0x08004166   0x00000002   PAD
    0x08004168   0x08004168   0x00000050   Code   RO           62    .text.MX_TIM6_Init  tim.o
    0x080041b8   0x080041b8   0x00000050   Code   RO           64    .text.MX_TIM7_Init  tim.o
    0x08004208   0x08004208   0x00000082   Code   RO           94    .text.MX_UART4_Init  usart.o
    0x0800428a   0x0800428a   0x00000002   PAD
    0x0800428c   0x0800428c   0x00000082   Code   RO           96    .text.MX_USART3_UART_Init  usart.o
    0x0800430e   0x0800430e   0x00000002   PAD
    0x08004310   0x08004310   0x00000002   Code   RO          120    .text.MemManage_Handler  stm32g4xx_it.o
    0x08004312   0x08004312   0x00000002   PAD
    0x08004314   0x08004314   0x00000002   Code   RO          116    .text.NMI_Handler   stm32g4xx_it.o
    0x08004316   0x08004316   0x00000002   PAD
    0x08004318   0x08004318   0x000000b6   Code   RO         1279    .text.PID_Compute   pid.o
    0x080043ce   0x080043ce   0x00000002   PAD
    0x080043d0   0x080043d0   0x00000030   Code   RO         1277    .text.PID_Init      pid.o
    0x08004400   0x08004400   0x00000006   Code   RO         1281    .text.PID_Setpoint  pid.o
    0x08004406   0x08004406   0x00000002   PAD
    0x08004408   0x08004408   0x00000002   Code   RO          130    .text.PendSV_Handler  stm32g4xx_it.o
    0x0800440a   0x0800440a   0x00000002   PAD
    0x0800440c   0x0800440c   0x00000036   Code   RO         1291    .text.SIMPWM_Init   simpwm.o
    0x08004442   0x08004442   0x00000002   PAD
    0x08004444   0x08004444   0x00000034   Code   RO         1295    .text.SIMPWM_Run    simpwm.o
    0x08004478   0x08004478   0x00000006   Code   RO         1293    .text.SIMPWM_SET_CRR  simpwm.o
    0x0800447e   0x0800447e   0x00000002   PAD
    0x08004480   0x08004480   0x00000002   Code   RO          126    .text.SVC_Handler   stm32g4xx_it.o
    0x08004482   0x08004482   0x00000002   PAD
    0x08004484   0x08004484   0x00000004   Code   RO          132    .text.SysTick_Handler  stm32g4xx_it.o
    0x08004488   0x08004488   0x00000012   Code   RO         1236    .text.SystemInit    system_stm32g4xx.o
    0x0800449a   0x0800449a   0x00000002   PAD
    0x0800449c   0x0800449c   0x0000000c   Code   RO          146    .text.TIM6_DAC_IRQHandler  stm32g4xx_it.o
    0x080044a8   0x080044a8   0x0000000c   Code   RO          148    .text.TIM7_IRQHandler  stm32g4xx_it.o
    0x080044b4   0x080044b4   0x00000134   Code   RO          251    .text.TIM_Base_SetConfig  stm32g4xx_hal_tim.o
    0x080045e8   0x080045e8   0x0000000c   Code   RO          144    .text.UART4_IRQHandler  stm32g4xx_it.o
    0x080045f4   0x080045f4   0x000000e6   Code   RO         1055    .text.UART_AdvFeatureConfig  stm32g4xx_hal_uart.o
    0x080046da   0x080046da   0x00000002   PAD
    0x080046dc   0x080046dc   0x0000016a   Code   RO         1059    .text.UART_CheckIdleState  stm32g4xx_hal_uart.o
    0x08004846   0x08004846   0x00000002   PAD
    0x08004848   0x08004848   0x0000000c   Code   RO         1137    .text.UART_DMAAbortOnError  stm32g4xx_hal_uart.o
    0x08004854   0x08004854   0x000001da   Code   RO         1097    .text.UART_DMAError  stm32g4xx_hal_uart.o
    0x08004a2e   0x08004a2e   0x00000002   PAD
    0x08004a30   0x08004a30   0x00000164   Code   RO         1181    .text.UART_DMAReceiveCplt  stm32g4xx_hal_uart.o
    0x08004b94   0x08004b94   0x0000001a   Code   RO         1183    .text.UART_DMARxHalfCplt  stm32g4xx_hal_uart.o
    0x08004bae   0x08004bae   0x00000002   PAD
    0x08004bb0   0x08004bb0   0x000000b0   Code   RO         1093    .text.UART_DMATransmitCplt  stm32g4xx_hal_uart.o
    0x08004c60   0x08004c60   0x00000006   Code   RO         1095    .text.UART_DMATxHalfCplt  stm32g4xx_hal_uart.o
    0x08004c66   0x08004c66   0x00000002   PAD
    0x08004c68   0x08004c68   0x00000298   Code   RO         1057    .text.UART_SetConfig  stm32g4xx_hal_uart.o
    0x08004f00   0x08004f00   0x00000336   Code   RO         1073    .text.UART_WaitOnFlagUntilTimeout  stm32g4xx_hal_uart.o
    0x08005236   0x08005236   0x00000002   PAD
    0x08005238   0x08005238   0x0000000c   Code   RO          142    .text.USART3_IRQHandler  stm32g4xx_it.o
    0x08005244   0x08005244   0x00000002   Code   RO          124    .text.UsageFault_Handler  stm32g4xx_it.o
    0x08005246   0x08005246   0x00000002   PAD
    0x08005248   0x08005248   0x00000298   Code   RO           15    .text.main          main.o
    0x080054e0   0x080054e0   0x0000003e   Code   RO         1438    CL$$btod_d2e        c_w.l(btod.o)
    0x0800551e   0x0800551e   0x00000046   Code   RO         1440    CL$$btod_d2e_denorm_low  c_w.l(btod.o)
    0x08005564   0x08005564   0x00000060   Code   RO         1439    CL$$btod_d2e_norm_op1  c_w.l(btod.o)
    0x080055c4   0x080055c4   0x00000338   Code   RO         1448    CL$$btod_div_common  c_w.l(btod.o)
    0x080058fc   0x080058fc   0x000000dc   Code   RO         1445    CL$$btod_e2e        c_w.l(btod.o)
    0x080059d8   0x080059d8   0x0000002a   Code   RO         1442    CL$$btod_ediv       c_w.l(btod.o)
    0x08005a02   0x08005a02   0x0000002a   Code   RO         1441    CL$$btod_emul       c_w.l(btod.o)
    0x08005a2c   0x08005a2c   0x00000244   Code   RO         1447    CL$$btod_mult_common  c_w.l(btod.o)
    0x08005c70   0x08005c70   0x00000030   Code   RO         1467    i.__ARM_fpclassify  m_wm.l(fpclassify.o)
    0x08005ca0   0x08005ca0   0x0000000e   Code   RO         1340    i._is_digit         c_w.l(__printf_wp.o)
    0x08005cae   0x08005cae   0x00000002   PAD
    0x08005cb0   0x08005cb0   0x0000002c   Code   RO         1463    locale$$code        c_w.l(lc_numeric_c.o)
    0x08005cdc   0x08005cdc   0x0000000c   Code   RO         1400    x$fpl$dretinf       fz_wm.l(dretinf.o)
    0x08005ce8   0x08005ce8   0x00000056   Code   RO         1380    x$fpl$f2d           fz_wm.l(f2d.o)
    0x08005d3e   0x08005d3e   0x0000008c   Code   RO         1402    x$fpl$fnaninf       fz_wm.l(fnaninf.o)
    0x08005dca   0x08005dca   0x0000001a   Code   RO         1549    x$fpl$fpinit        fz_wm.l(fpinit.o)
    0x08005de4   0x08005de4   0x00000004   Code   RO         1382    x$fpl$printf1       fz_wm.l(printf1.o)
    0x08005de8   0x08005de8   0x00000000   Code   RO         1406    x$fpl$usenofp       fz_wm.l(usenofp.o)
    0x08005de8   0x08005de8   0x00000094   Data   RO         1436    .constdata          c_w.l(bigflt0.o)
    0x08005e7c   0x08005e7c   0x00000010   Data   RO         1241    .rodata.AHBPrescTable  system_stm32g4xx.o
    0x08005e8c   0x08005e8c   0x00000008   Data   RO         1242    .rodata.APBPrescTable  system_stm32g4xx.o
    0x08005e94   0x08005e94   0x00000018   Data   RO         1185    .rodata.UARTPrescTable  stm32g4xx_hal_uart.o
    0x08005eac   0x08005eac   0x00000010   Data   RO         1186    .rodata.cst16       stm32g4xx_hal_uart.o
    0x08005ebc   0x08005ebc   0x00000010   Data   RO         1227    .rodata.cst8        stm32g4xx_hal_uart_ex.o
    0x08005ecc   0x08005ecc   0x00000020   Data   RO         1625    Region$$Table       anon$$obj.o
    0x08005eec   0x08005eec   0x0000001c   Data   RO         1462    locale$$data        c_w.l(lc_numeric_c.o)


    Execution Region RW_IRAM1 (Exec base: 0x20000000, Load base: 0x08005f08, Size: 0x00000d60, Max: 0x00008000, ABSOLUTE)

    Exec Addr    Load Addr    Size         Type   Attr      Idx    E Section Name        Object

    0x20000000   0x08005f08   0x00000008   Data   RW          698    .data..L_MergedGlobals  stm32g4xx_hal.o
    0x20000008   0x08005f10   0x00000004   Data   RW         1240    .data.SystemCoreClock  system_stm32g4xx.o
    0x2000000c   0x08005f14   0x00000004   PAD
    0x20000010        -       0x00000060   Zero   RW         1470    .bss                c_w.l(libspace.o)
    0x20000070        -       0x00000070   Zero   RW           25    .bss..L_MergedGlobals  main.o
    0x200000e0        -       0x00000018   Zero   RW         1257    .bss..L_MergedGlobals  bt_control.o
    0x200000f8        -       0x0000005c   Zero   RW           26    .bss..L_MergedGlobals.1  main.o
    0x20000154        -       0x00000068   Zero   RW           27    .bss..L_MergedGlobals.2  main.o
    0x200001bc        -       0x00000060   Zero   RW          104    .bss.hdma_uart4_rx  usart.o
    0x2000021c        -       0x00000060   Zero   RW          105    .bss.hdma_uart4_tx  usart.o
    0x2000027c        -       0x00000060   Zero   RW          106    .bss.hdma_usart3_rx  usart.o
    0x200002dc        -       0x00000060   Zero   RW          107    .bss.hdma_usart3_tx  usart.o
    0x2000033c        -       0x0000004c   Zero   RW           78    .bss.htim1          tim.o
    0x20000388        -       0x0000004c   Zero   RW           84    .bss.htim15         tim.o
    0x200003d4        -       0x0000004c   Zero   RW           85    .bss.htim17         tim.o
    0x20000420        -       0x0000004c   Zero   RW           79    .bss.htim2          tim.o
    0x2000046c        -       0x0000004c   Zero   RW           80    .bss.htim3          tim.o
    0x200004b8        -       0x0000004c   Zero   RW           81    .bss.htim4          tim.o
    0x20000504        -       0x0000004c   Zero   RW           82    .bss.htim6          tim.o
    0x20000550        -       0x0000004c   Zero   RW           83    .bss.htim7          tim.o
    0x2000059c        -       0x00000094   Zero   RW          103    .bss.huart3         usart.o
    0x20000630        -       0x00000094   Zero   RW          102    .bss.huart4         usart.o
    0x200006c4        -       0x00000034   Zero   RW           21    .bss.pidB2          main.o
    0x200006f8        -       0x00000064   Zero   RW           22    .bss.temp           main.o
    0x2000075c        -       0x00000004   Zero   RW          697    .bss.uwTick         stm32g4xx_hal.o
    0x20000760        -       0x00000200   Zero   RW            2    HEAP                startup_stm32g431xx.o
    0x20000960        -       0x00000400   Zero   RW            1    STACK               startup_stm32g431xx.o


==============================================================================

Image component sizes


      Code (inc. data)   RO Data    RW Data    ZI Data      Debug   Object Name

       260          0          0          0         24       2047   bt_control.o
       118          0          0          0          0       3404   dma.o
        32          0          0          0          0       4906   encoder.o
       180          0          0          0          0       2360   gpio.o
      1398         48          0          0        460      10762   main.o
       310          0          0          0          0       2172   mw_control.o
       236          0          0          0          0       1534   pid.o
       112          0          0          0          0       2996   simpwm.o
        64         26        472          0       1536        816   startup_stm32g431xx.o
       148          0          0          8          4       8879   stm32g4xx_hal.o
       196          0          0          0          0      10369   stm32g4xx_hal_cortex.o
       922          0          0          0          0       9126   stm32g4xx_hal_dma.o
       446          0          0          0          0       5210   stm32g4xx_hal_gpio.o
        52          0          0          0          0       1709   stm32g4xx_hal_msp.o
       288          0          0          0          0       9415   stm32g4xx_hal_pwr_ex.o
      2216          0          0          0          0      10148   stm32g4xx_hal_rcc.o
       618          0          0          0          0      10897   stm32g4xx_hal_rcc_ex.o
      2044          0          0          0          0      63321   stm32g4xx_hal_tim.o
       180          0          0          0          0      30485   stm32g4xx_hal_tim_ex.o
      6010         48         40          0          0      42825   stm32g4xx_hal_uart.o
       340          0         16          0          0      11247   stm32g4xx_hal_uart_ex.o
       116          0          0          0          0       7364   stm32g4xx_it.o
        18          0         24          4          0       2741   system_stm32g4xx.o
      1284          0          0          0        608      13190   tim.o
       748          0          0          0        680       9009   usart.o

    ----------------------------------------------------------------------
     18476        122        584         12       3316     276932   Object Totals
         0          0         32          0          0          0   (incl. Generated)
       140          0          0          0          4          0   (incl. Padding)

    ----------------------------------------------------------------------

      Code (inc. data)   RO Data    RW Data    ZI Data      Debug   Library Member Name

         8          0          0          0          0         68   __main.o
       284          0          0          0          0        156   __printf_wp.o
         0          0          0          0          0          0   __rtentry.o
        12          0          0          0          0          0   __rtentry2.o
         6          0          0          0          0          0   __rtentry4.o
        94          8          0          0          0          0   __scatter.o
        26          0          0          0          0          0   __scatter_copy.o
        28          0          0          0          0          0   __scatter_zi.o
        48          6          0          0          0         96   _printf_char_common.o
         6          0          0          0          0          0   _printf_f.o
      1052          0          0          0          0        148   _printf_fp_dec.o
       128         16          0          0          0         84   _printf_fp_infnan.o
         0          0          0          0          0          0   _printf_percent.o
         4          0          0          0          0          0   _printf_percent_end.o
        10          0          0          0          0         68   _sputc.o
       228          4        148          0          0         96   bigflt0.o
      1936        128          0          0          0        668   btod.o
        18          0          0          0          0         80   exit.o
         6          0          0          0          0        152   heapauxi.o
         0          0          0          0          0          0   indicate_semi.o
        44         10         28          0          0         76   lc_numeric_c.o
         2          0          0          0          0          0   libinit.o
        22          0          0          0          0          0   libinit2.o
         2          0          0          0          0          0   libshutdown.o
         2          0          0          0          0          0   libshutdown2.o
         8          4          0          0         96         68   libspace.o
       138          0          0          0          0         80   lludiv10.o
       240          0          0          0          0        100   lludivv7m.o
        40          6          0          0          0         84   noretval__2sprintf.o
         8          4          0          0          0         68   rt_locale_intlibspace.o
        78          0          0          0          0         80   rt_memclr_w.o
         2          0          0          0          0          0   rtexit.o
        10          0          0          0          0          0   rtexit2.o
       124          0          0          0          0         88   strcmpv7em.o
        62          0          0          0          0         76   strlen.o
        12          4          0          0          0         68   sys_exit.o
        74          0          0          0          0         80   sys_stackheap_outer.o
         2          0          0          0          0         68   use_no_semi.o
        12          0          0          0          0        116   dretinf.o
        86          4          0          0          0        132   f2d.o
       140          4          0          0          0        132   fnaninf.o
        26          0          0          0          0        116   fpinit.o
         4          0          0          0          0        116   printf1.o
         0          0          0          0          0          0   usenofp.o
        48          0          0          0          0        124   fpclassify.o

    ----------------------------------------------------------------------
      5092        198        176          0         96       3288   Library Totals
        12          0          0          0          0          0   (incl. Padding)

    ----------------------------------------------------------------------

      Code (inc. data)   RO Data    RW Data    ZI Data      Debug   Library Name

      4764        190        176          0         96       2552   c_w.l
       268          8          0          0          0        612   fz_wm.l
        48          0          0          0          0        124   m_wm.l

    ----------------------------------------------------------------------
      5092        198        176          0         96       3288   Library Totals

    ----------------------------------------------------------------------

==============================================================================


      Code (inc. data)   RO Data    RW Data    ZI Data      Debug   

     23568        320        760         12       3412     278076   Grand Totals
     23568        320        760         12       3412     278076   ELF Image Totals
     23568        320        760         12          0          0   ROM Totals

==============================================================================

    Total RO  Size (Code + RO Data)                24328 (  23.76kB)
    Total RW  Size (RW Data + ZI Data)              3424 (   3.34kB)
    Total ROM Size (Code + RO Data + RW Data)      24340 (  23.77kB)

==============================================================================

